Component: ARM Compiler 5.06 update 5 (build 528) Tool: armlink [4d35e2]

==============================================================================

Section Cross References

    MahonyAHRS.o(i.MahonyAHRSupdate) refers to MahonyAHRS.o(i.MahonyAHRSupdateIMU) for MahonyAHRSupdateIMU
    MahonyAHRS.o(i.MahonyAHRSupdate) refers to MahonyAHRS.o(i.invSqrt) for invSqrt
    MahonyAHRS.o(i.MahonyAHRSupdate) refers to sqrt.o(i.__hardfp_sqrt) for __hardfp_sqrt
    MahonyAHRS.o(i.MahonyAHRSupdate) refers to MahonyAHRS.o(.data) for twoKi
    MahonyAHRS.o(i.MahonyAHRSupdateIMU) refers to MahonyAHRS.o(i.invSqrt) for invSqrt
    MahonyAHRS.o(i.MahonyAHRSupdateIMU) refers to MahonyAHRS.o(.data) for twoKi
    user_lib.o(i.theta_format) refers to user_lib.o(i.loop_float_constrain) for loop_float_constrain
    fun_test_task.o(i.FunTest_Entry) refers to cmsis_os.o(i.osDelay) for osDelay
    fun_test_task.o(i.HAL_UART_RxCpltCallback) refers to memcmp.o(.text) for memcmp
    fun_test_task.o(i.HAL_UART_RxCpltCallback) refers to stm32h7xx_hal_uart.o(i.HAL_UART_Receive_IT) for HAL_UART_Receive_IT
    fun_test_task.o(i.HAL_UART_RxCpltCallback) refers to usart.o(.bss) for huart1
    fun_test_task.o(i.HAL_UART_RxCpltCallback) refers to fun_test_task.o(.data) for u1Rx
    imu_task.o(i.AHRS_update) refers to MahonyAHRS.o(i.MahonyAHRSupdateIMU) for MahonyAHRSupdateIMU
    imu_task.o(i.GetAngle) refers to atan2f.o(i.__hardfp_atan2f) for __hardfp_atan2f
    imu_task.o(i.GetAngle) refers to asinf.o(i.__hardfp_asinf) for __hardfp_asinf
    imu_task.o(i.ImuTask_Entry) refers to cmsis_os.o(i.osDelay) for osDelay
    imu_task.o(i.ImuTask_Entry) refers to stm32h7xx_hal_tim.o(i.HAL_TIM_PWM_Start) for HAL_TIM_PWM_Start
    imu_task.o(i.ImuTask_Entry) refers to usbd_cdc_if.o(i.CDC_Transmit_HS) for CDC_Transmit_HS
    imu_task.o(i.ImuTask_Entry) refers to BMI088driver.o(i.BMI088_init) for BMI088_init
    imu_task.o(i.ImuTask_Entry) refers to BMI088driver.o(i.BMI088_read) for BMI088_read
    imu_task.o(i.ImuTask_Entry) refers to imu_task.o(i.AHRS_init) for AHRS_init
    imu_task.o(i.ImuTask_Entry) refers to qd4310.o(i.QD4310_Enable) for QD4310_Enable
    imu_task.o(i.ImuTask_Entry) refers to imu_task.o(i.AHRS_update) for AHRS_update
    imu_task.o(i.ImuTask_Entry) refers to imu_task.o(i.GetAngle) for GetAngle
    imu_task.o(i.ImuTask_Entry) refers to imu_task.o(i.get_shaft_angle) for get_shaft_angle
    imu_task.o(i.ImuTask_Entry) refers to printfa.o(i.__0snprintf) for __2snprintf
    imu_task.o(i.ImuTask_Entry) refers to qd4310.o(i.QD4310_SetAngle) for QD4310_SetAngle
    imu_task.o(i.ImuTask_Entry) refers to qd4310.o(i.QD4310_SetSpeed) for QD4310_SetSpeed
    imu_task.o(i.ImuTask_Entry) refers to tim.o(.bss) for htim3
    imu_task.o(i.ImuTask_Entry) refers to imu_task.o(.data) for temp
    imu_task.o(i.ImuTask_Entry) refers to imu_task.o(.bss) for acc
    imu_task.o(i.ImuTask_Entry) refers to imu_task.o(.constdata) for .constdata
    imu_task.o(i.ImuTask_Entry) refers to usbd_cdc_if.o(.data) for g_motor1_dir_cmd_valid
    imu_task.o(i.get_shaft_angle) refers to atan2f.o(i.__hardfp_atan2f) for __hardfp_atan2f
    imu_task.o(.constdata) refers to fdcan.o(.bss) for hfdcan1
    uart_task.o(i.UartDemoTask_Entry) refers to uart_bsp.o(i.uart7_rx_init) for uart7_rx_init
    uart_task.o(i.UartDemoTask_Entry) refers to printfa.o(i.__0snprintf) for __2snprintf
    uart_task.o(i.UartDemoTask_Entry) refers to uart_bsp.o(i.uart7_send_dma) for uart7_send_dma
    uart_task.o(i.UartDemoTask_Entry) refers to cmsis_os.o(i.osDelay) for osDelay
    uart_task.o(i.UartDemoTask_Entry) refers to queue.o(i.xQueueReceive) for xQueueReceive
    uart_task.o(i.UartDemoTask_Entry) refers to strcmp.o(.text) for strcmp
    uart_task.o(i.UartDemoTask_Entry) refers to usart.o(.bss) for huart7
    uart_task.o(i.UartDemoTask_Entry) refers to uart_task.o(.bss) for frame
    uart_task.o(i.UartDemoTask_Entry) refers to uart_bsp.o(.data) for uart7_rx_queue
    uart_task.o(i.UartDemoTask_Entry) refers to imu_task.o(.data) for g_shaft_angle
    uart_task.o(i.UartDemoTask_Entry) refers to uart_task.o(.conststring) for .conststring
    BMI088Middleware.o(i.BMI088_ACCEL2_NS_H) refers to stm32h7xx_hal_gpio.o(i.HAL_GPIO_WritePin) for HAL_GPIO_WritePin
    BMI088Middleware.o(i.BMI088_ACCEL2_NS_L) refers to stm32h7xx_hal_gpio.o(i.HAL_GPIO_WritePin) for HAL_GPIO_WritePin
    BMI088Middleware.o(i.BMI088_ACCEL_NS_H) refers to stm32h7xx_hal_gpio.o(i.HAL_GPIO_WritePin) for HAL_GPIO_WritePin
    BMI088Middleware.o(i.BMI088_ACCEL_NS_L) refers to stm32h7xx_hal_gpio.o(i.HAL_GPIO_WritePin) for HAL_GPIO_WritePin
    BMI088Middleware.o(i.BMI088_GYRO2_NS_H) refers to stm32h7xx_hal_gpio.o(i.HAL_GPIO_WritePin) for HAL_GPIO_WritePin
    BMI088Middleware.o(i.BMI088_GYRO2_NS_L) refers to stm32h7xx_hal_gpio.o(i.HAL_GPIO_WritePin) for HAL_GPIO_WritePin
    BMI088Middleware.o(i.BMI088_GYRO_NS_H) refers to stm32h7xx_hal_gpio.o(i.HAL_GPIO_WritePin) for HAL_GPIO_WritePin
[...]
    USBD_CDC_ReceivePacket                   0x0800f725   Thumb Code    74  usbd_cdc.o(i.USBD_CDC_ReceivePacket)
    USBD_CDC_RegisterInterface               0x0800f775   Thumb Code    24  usbd_cdc.o(i.USBD_CDC_RegisterInterface)
    USBD_CDC_SetRxBuffer                     0x0800f78d   Thumb Code    30  usbd_cdc.o(i.USBD_CDC_SetRxBuffer)
    USBD_CDC_SetTxBuffer                     0x0800f7ab   Thumb Code    36  usbd_cdc.o(i.USBD_CDC_SetTxBuffer)
    USBD_CDC_TransmitPacket                  0x0800f911   Thumb Code    86  usbd_cdc.o(i.USBD_CDC_TransmitPacket)
    USBD_ClrClassConfig                      0x0800f96d   Thumb Code    28  usbd_core.o(i.USBD_ClrClassConfig)
    USBD_CoreFindEP                          0x0800f9c7   Thumb Code     6  usbd_core.o(i.USBD_CoreFindEP)
    USBD_CoreFindIF                          0x0800f9cd   Thumb Code     6  usbd_core.o(i.USBD_CoreFindIF)
    USBD_CtlContinueRx                       0x0800f9d3   Thumb Code    24  usbd_ioreq.o(i.USBD_CtlContinueRx)
    USBD_CtlContinueSendData                 0x0800f9eb   Thumb Code    24  usbd_ioreq.o(i.USBD_CtlContinueSendData)
    USBD_CtlError                            0x0800fa03   Thumb Code    24  usbd_ctlreq.o(i.USBD_CtlError)
    USBD_CtlPrepareRx                        0x0800fa1b   Thumb Code    40  usbd_ioreq.o(i.USBD_CtlPrepareRx)
    USBD_CtlReceiveStatus                    0x0800fa43   Thumb Code    26  usbd_ioreq.o(i.USBD_CtlReceiveStatus)
    USBD_CtlSendData                         0x0800fa5d   Thumb Code    34  usbd_ioreq.o(i.USBD_CtlSendData)
    USBD_CtlSendStatus                       0x0800fa7f   Thumb Code    26  usbd_ioreq.o(i.USBD_CtlSendStatus)
    USBD_GetEpDesc                           0x0800fd21   Thumb Code    80  usbd_core.o(i.USBD_GetEpDesc)
    USBD_GetNextDesc                         0x0800fd87   Thumb Code    20  usbd_core.o(i.USBD_GetNextDesc)
    USBD_GetString                           0x0800fdf5   Thumb Code   104  usbd_ctlreq.o(i.USBD_GetString)
    USBD_Get_USB_Status                      0x0800fe5d   Thumb Code    44  usbd_conf.o(i.USBD_Get_USB_Status)
    USBD_HS_ConfigStrDescriptor              0x0800fe89   Thumb Code    34  usbd_desc.o(i.USBD_HS_ConfigStrDescriptor)
    USBD_HS_DeviceDescriptor                 0x0800febd   Thumb Code    10  usbd_desc.o(i.USBD_HS_DeviceDescriptor)
    USBD_HS_InterfaceStrDescriptor           0x0800fecd   Thumb Code    34  usbd_desc.o(i.USBD_HS_InterfaceStrDescriptor)
    USBD_HS_LangIDStrDescriptor              0x0800ff05   Thumb Code    10  usbd_desc.o(i.USBD_HS_LangIDStrDescriptor)
    USBD_HS_ManufacturerStrDescriptor        0x0800ff15   Thumb Code    20  usbd_desc.o(i.USBD_HS_ManufacturerStrDescriptor)
    USBD_HS_ProductStrDescriptor             0x0800ff41   Thumb Code    34  usbd_desc.o(i.USBD_HS_ProductStrDescriptor)
    USBD_HS_SerialStrDescriptor              0x0800ff81   Thumb Code    18  usbd_desc.o(i.USBD_HS_SerialStrDescriptor)
    USBD_Init                                0x0800ff99   Thumb Code    58  usbd_core.o(i.USBD_Init)
    USBD_LL_ClearStallEP                     0x0800ffd3   Thumb Code    38  usbd_conf.o(i.USBD_LL_ClearStallEP)
    USBD_LL_CloseEP                          0x0800fff9   Thumb Code    38  usbd_conf.o(i.USBD_LL_CloseEP)
    USBD_LL_DataInStage                      0x0801001f   Thumb Code   264  usbd_core.o(i.USBD_LL_DataInStage)
    USBD_LL_DataOutStage                     0x08010127   Thumb Code   258  usbd_core.o(i.USBD_LL_DataOutStage)
    USBD_LL_DevConnected                     0x08010229   Thumb Code     6  usbd_core.o(i.USBD_LL_DevConnected)
    USBD_LL_DevDisconnected                  0x0801022f   Thumb Code    38  usbd_core.o(i.USBD_LL_DevDisconnected)
    USBD_LL_GetRxDataSize                    0x08010255   Thumb Code    18  usbd_conf.o(i.USBD_LL_GetRxDataSize)
    USBD_LL_Init                             0x08010269   Thumb Code   104  usbd_conf.o(i.USBD_LL_Init)
    USBD_LL_IsStallEP                        0x080102d9   Thumb Code    56  usbd_conf.o(i.USBD_LL_IsStallEP)
    USBD_LL_IsoINIncomplete                  0x08010311   Thumb Code    72  usbd_core.o(i.USBD_LL_IsoINIncomplete)
    USBD_LL_IsoOUTIncomplete                 0x08010359   Thumb Code    72  usbd_core.o(i.USBD_LL_IsoOUTIncomplete)
    USBD_LL_OpenEP                           0x080103a1   Thumb Code    48  usbd_conf.o(i.USBD_LL_OpenEP)
    USBD_LL_PrepareReceive                   0x080103d1   Thumb Code    48  usbd_conf.o(i.USBD_LL_PrepareReceive)
    USBD_LL_Reset                            0x08010401   Thumb Code   108  usbd_core.o(i.USBD_LL_Reset)
    USBD_LL_Resume                           0x0801046d   Thumb Code    22  usbd_core.o(i.USBD_LL_Resume)
    USBD_LL_SOF                              0x08010483   Thumb Code    40  usbd_core.o(i.USBD_LL_SOF)
    USBD_LL_SetSpeed                         0x080104ab   Thumb Code     8  usbd_core.o(i.USBD_LL_SetSpeed)
    USBD_LL_SetUSBAddress                    0x080104b3   Thumb Code    38  usbd_conf.o(i.USBD_LL_SetUSBAddress)
    USBD_LL_SetupStage                       0x080104d9   Thumb Code   118  usbd_core.o(i.USBD_LL_SetupStage)
    USBD_LL_StallEP                          0x0801054f   Thumb Code    38  usbd_conf.o(i.USBD_LL_StallEP)
    USBD_LL_Start                            0x08010575   Thumb Code    30  usbd_conf.o(i.USBD_LL_Start)
    USBD_LL_Suspend                          0x08010593   Thumb Code    28  usbd_core.o(i.USBD_LL_Suspend)
    USBD_LL_Transmit                         0x080105af   Thumb Code    48  usbd_conf.o(i.USBD_LL_Transmit)
    USBD_ParseSetupRequest                   0x080105df   Thumb Code    54  usbd_ctlreq.o(i.USBD_ParseSetupRequest)
    USBD_RegisterClass                       0x08010615   Thumb Code    72  usbd_core.o(i.USBD_RegisterClass)
    USBD_RunTestMode                         0x0801065d   Thumb Code     6  usbd_core.o(i.USBD_RunTestMode)
    USBD_SetClassConfig                      0x080106bd   Thumb Code    32  usbd_core.o(i.USBD_SetClassConfig)
    USBD_Start                               0x08010819   Thumb Code    12  usbd_core.o(i.USBD_Start)
    USBD_StdDevReq                           0x08010825   Thumb Code   174  usbd_ctlreq.o(i.USBD_StdDevReq)
    USBD_StdEPReq                            0x080108d3   Thumb Code   640  usbd_ctlreq.o(i.USBD_StdEPReq)
    USBD_StdItfReq                           0x08010b53   Thumb Code   174  usbd_ctlreq.o(i.USBD_StdItfReq)
    USBD_static_free                         0x08010c01   Thumb Code     2  usbd_conf.o(i.USBD_static_free)
    USBD_static_malloc                       0x08010c05   Thumb Code     6  usbd_conf.o(i.USBD_static_malloc)
    USB_ActivateEndpoint                     0x08010c11   Thumb Code   202  stm32h7xx_ll_usb.o(i.USB_ActivateEndpoint)
    USB_ActivateSetup                        0x08010ce1   Thumb Code    40  stm32h7xx_ll_usb.o(i.USB_ActivateSetup)
    USB_CoreInit                             0x08010d09   Thumb Code   150  stm32h7xx_ll_usb.o(i.USB_CoreInit)
    USB_DeactivateEndpoint                   0x08010dfd   Thumb Code   318  stm32h7xx_ll_usb.o(i.USB_DeactivateEndpoint)
    USB_DevConnect                           0x08010f49   Thumb Code    36  stm32h7xx_ll_usb.o(i.USB_DevConnect)
    USB_DevDisconnect                        0x08010f6d   Thumb Code    36  stm32h7xx_ll_usb.o(i.USB_DevDisconnect)
    USB_DevInit                              0x08010f91   Thumb Code   472  stm32h7xx_ll_usb.o(i.USB_DevInit)
    USB_DisableGlobalInt                     0x08011171   Thumb Code    14  stm32h7xx_ll_usb.o(i.USB_DisableGlobalInt)
    USB_EP0_OutStart                         0x08011181   Thumb Code   106  stm32h7xx_ll_usb.o(i.USB_EP0_OutStart)
    USB_EPClearStall                         0x080111f1   Thumb Code   142  stm32h7xx_ll_usb.o(i.USB_EPClearStall)
    USB_EPSetStall                           0x0801127f   Thumb Code   154  stm32h7xx_ll_usb.o(i.USB_EPSetStall)
    USB_EPStartXfer                          0x08011319   Thumb Code   954  stm32h7xx_ll_usb.o(i.USB_EPStartXfer)
    USB_EPStopXfer                           0x080116d9   Thumb Code   236  stm32h7xx_ll_usb.o(i.USB_EPStopXfer)
    USB_EnableGlobalInt                      0x080117c5   Thumb Code    14  stm32h7xx_ll_usb.o(i.USB_EnableGlobalInt)
    USB_FlushRxFifo                          0x080117d3   Thumb Code    80  stm32h7xx_ll_usb.o(i.USB_FlushRxFifo)
    USB_FlushTxFifo                          0x08011823   Thumb Code    84  stm32h7xx_ll_usb.o(i.USB_FlushTxFifo)
    USB_GetDevSpeed                          0x08011877   Thumb Code    38  stm32h7xx_ll_usb.o(i.USB_GetDevSpeed)
    USB_GetMode                              0x0801189d   Thumb Code    10  stm32h7xx_ll_usb.o(i.USB_GetMode)
    USB_ReadDevAllInEpInterrupt              0x080118a7   Thumb Code    20  stm32h7xx_ll_usb.o(i.USB_ReadDevAllInEpInterrupt)
    USB_ReadDevAllOutEpInterrupt             0x080118bb   Thumb Code    20  stm32h7xx_ll_usb.o(i.USB_ReadDevAllOutEpInterrupt)
    USB_ReadDevInEPInterrupt                 0x080118cf   Thumb Code    50  stm32h7xx_ll_usb.o(i.USB_ReadDevInEPInterrupt)
    USB_ReadDevOutEPInterrupt                0x08011901   Thumb Code    26  stm32h7xx_ll_usb.o(i.USB_ReadDevOutEPInterrupt)
    USB_ReadInterrupts                       0x0801191b   Thumb Code    10  stm32h7xx_ll_usb.o(i.USB_ReadInterrupts)
    USB_ReadPacket                           0x08011925   Thumb Code    96  stm32h7xx_ll_usb.o(i.USB_ReadPacket)
    USB_SetCurrentMode                       0x08011985   Thumb Code   104  stm32h7xx_ll_usb.o(i.USB_SetCurrentMode)
    USB_SetDevAddress                        0x080119ed   Thumb Code    42  stm32h7xx_ll_usb.o(i.USB_SetDevAddress)
    USB_SetDevSpeed                          0x08011a17   Thumb Code    18  stm32h7xx_ll_usb.o(i.USB_SetDevSpeed)
    USB_SetTurnaroundTime                    0x08011a29   Thumb Code   192  stm32h7xx_ll_usb.o(i.USB_SetTurnaroundTime)
    USB_WritePacket                          0x08011b11   Thumb Code    68  stm32h7xx_ll_usb.o(i.USB_WritePacket)
    UartDemoTask_Entry                       0x08011b55   Thumb Code   292  uart_task.o(i.UartDemoTask_Entry)
    UsageFault_Handler                       0x08011d11   Thumb Code     4  stm32h7xx_it.o(i.UsageFault_Handler)
    __0snprintf                              0x08011d15   Thumb Code    44  printfa.o(i.__0snprintf)
    __1snprintf                              0x08011d15   Thumb Code     0  printfa.o(i.__0snprintf)
    __2snprintf                              0x08011d15   Thumb Code     0  printfa.o(i.__0snprintf)
    __c89snprintf                            0x08011d15   Thumb Code     0  printfa.o(i.__0snprintf)
    snprintf                                 0x08011d15   Thumb Code     0  printfa.o(i.__0snprintf)
    __ARM_fpclassifyf                        0x08011d45   Thumb Code    38  fpclassifyf.o(i.__ARM_fpclassifyf)
    __hardfp_asinf                           0x08011da5   Thumb Code   258  asinf.o(i.__hardfp_asinf)
    __hardfp_atan2f                          0x08011edd   Thumb Code   502  atan2f.o(i.__hardfp_atan2f)
    __mathlib_flt_infnan                     0x08012135   Thumb Code     6  funder.o(i.__mathlib_flt_infnan)
    __mathlib_flt_infnan2                    0x0801213b   Thumb Code     6  funder.o(i.__mathlib_flt_infnan2)
    __mathlib_flt_invalid                    0x08012141   Thumb Code    10  funder.o(i.__mathlib_flt_invalid)
    __mathlib_flt_underflow                  0x08012151   Thumb Code    10  funder.o(i.__mathlib_flt_underflow)
    __scatterload_copy                       0x08012161   Thumb Code    14  handlers.o(i.__scatterload_copy)
    __scatterload_null                       0x0801216f   Thumb Code     2  handlers.o(i.__scatterload_null)
    __scatterload_zeroinit                   0x08012171   Thumb Code    14  handlers.o(i.__scatterload_zeroinit)
    __set_errno                              0x08012181   Thumb Code     6  errno.o(i.__set_errno)
    bmi088_accel_init                        0x08012a55   Thumb Code   290  BMI088driver.o(i.bmi088_accel_init)
    bmi088_gyro_init                         0x08012b7d   Thumb Code   238  BMI088driver.o(i.bmi088_gyro_init)
    can_bsp_init                             0x08012c71   Thumb Code    56  can_bsp.o(i.can_bsp_init)
    can_filter_init                          0x08012cb5   Thumb Code    50  can_bsp.o(i.can_filter_init)
    fdcan1_rx_callback                       0x08012d19   Thumb Code    12  can_bsp.o(i.fdcan1_rx_callback)
    fdcan2_rx_callback                       0x08012d2d   Thumb Code    12  can_bsp.o(i.fdcan2_rx_callback)
    fdcan3_rx_callback                       0x08012d41   Thumb Code    12  can_bsp.o(i.fdcan3_rx_callback)
    fdcanx_receive                           0x08012d55   Thumb Code    36  can_bsp.o(i.fdcanx_receive)
    fdcanx_send_data                         0x08012d79   Thumb Code    54  can_bsp.o(i.fdcanx_send_data)
    invSqrt                                  0x08012e21   Thumb Code    56  MahonyAHRS.o(i.invSqrt)
    main                                     0x08012e5d   Thumb Code   104  main.o(i.main)
    osDelay                                  0x08012ed3   Thumb Code    24  cmsis_os.o(i.osDelay)
    osKernelStart                            0x08012eeb   Thumb Code    10  cmsis_os.o(i.osKernelStart)
    osMessageCreate                          0x08012ef5   Thumb Code    40  cmsis_os.o(i.osMessageCreate)
    osSemaphoreCreate                        0x08012f1d   Thumb Code    88  cmsis_os.o(i.osSemaphoreCreate)
    osThreadCreate                           0x08012f75   Thumb Code    94  cmsis_os.o(i.osThreadCreate)
    pvPortMalloc                             0x08013a15   Thumb Code   306  heap_4.o(i.pvPortMalloc)
    pxPortInitialiseStack                    0x08013b61   Thumb Code    38  port.o(i.pxPortInitialiseStack)
    sqrtf                                    0x08013b8d   Thumb Code    62  sqrtf.o(i.sqrtf)
    uart7_rx_init                            0x08013d25   Thumb Code    36  uart_bsp.o(i.uart7_rx_init)
    uart7_send_dma                           0x08013d55   Thumb Code    26  uart_bsp.o(i.uart7_send_dma)
    uxListRemove                             0x08013d75   Thumb Code    40  list.o(i.uxListRemove)
    vApplicationGetIdleTaskMemory            0x08013d9d   Thumb Code    14  freertos.o(i.vApplicationGetIdleTaskMemory)
    vApplicationGetTimerTaskMemory           0x08013db5   Thumb Code    16  freertos.o(i.vApplicationGetTimerTaskMemory)
    vListInitialise                          0x08013dcd   Thumb Code    26  list.o(i.vListInitialise)
    vListInitialiseItem                      0x08013de7   Thumb Code     6  list.o(i.vListInitialiseItem)
    vListInsert                              0x08013ded   Thumb Code    52  list.o(i.vListInsert)
    vListInsertEnd                           0x08013e21   Thumb Code    24  list.o(i.vListInsertEnd)
    vPortEnterCritical                       0x08013e39   Thumb Code    76  port.o(i.vPortEnterCritical)
    vPortExitCritical                        0x08013e8d   Thumb Code    56  port.o(i.vPortExitCritical)
    vPortFree                                0x08013ec9   Thumb Code   150  heap_4.o(i.vPortFree)
    vPortSetupTimerInterrupt                 0x08013f6d   Thumb Code    36  port.o(i.vPortSetupTimerInterrupt)
    vPortValidateInterruptPriority           0x08013f95   Thumb Code   106  port.o(i.vPortValidateInterruptPriority)
    vQueueAddToRegistry                      0x0801400d   Thumb Code    38  queue.o(i.vQueueAddToRegistry)
    vQueueWaitForMessageRestricted           0x08014039   Thumb Code    74  queue.o(i.vQueueWaitForMessageRestricted)
    vTaskDelay                               0x08014085   Thumb Code    82  tasks.o(i.vTaskDelay)
    vTaskInternalSetTimeOutState             0x080140e1   Thumb Code    14  tasks.o(i.vTaskInternalSetTimeOutState)
    vTaskMissedYield                         0x080140f9   Thumb Code     8  tasks.o(i.vTaskMissedYield)
    vTaskPlaceOnEventList                    0x08014105   Thumb Code    52  tasks.o(i.vTaskPlaceOnEventList)
    vTaskPlaceOnEventListRestricted          0x0801413d   Thumb Code    60  tasks.o(i.vTaskPlaceOnEventListRestricted)
    vTaskStartScheduler                      0x0801417d   Thumb Code   156  tasks.o(i.vTaskStartScheduler)
    vTaskSuspendAll                          0x08014235   Thumb Code    12  tasks.o(i.vTaskSuspendAll)
    vTaskSwitchContext                       0x08014245   Thumb Code   118  tasks.o(i.vTaskSwitchContext)
    xPortStartScheduler                      0x080142d1   Thumb Code   330  port.o(i.xPortStartScheduler)
    xQueueCreateCountingSemaphore            0x08014439   Thumb Code    92  queue.o(i.xQueueCreateCountingSemaphore)
    xQueueCreateCountingSemaphoreStatic      0x08014495   Thumb Code   100  queue.o(i.xQueueCreateCountingSemaphoreStatic)
    xQueueGenericCreate                      0x080144f9   Thumb Code    90  queue.o(i.xQueueGenericCreate)
    xQueueGenericCreateStatic                0x08014553   Thumb Code   224  queue.o(i.xQueueGenericCreateStatic)
    xQueueGenericReset                       0x08014635   Thumb Code   146  queue.o(i.xQueueGenericReset)
    xQueueGenericSend                        0x080146cd   Thumb Code   420  queue.o(i.xQueueGenericSend)
    xQueueGenericSendFromISR                 0x08014875   Thumb Code   252  queue.o(i.xQueueGenericSendFromISR)
    xQueueReceive                            0x08014971   Thumb Code   356  queue.o(i.xQueueReceive)
    xTaskCheckForTimeOut                     0x08014ad9   Thumb Code   132  tasks.o(i.xTaskCheckForTimeOut)
    xTaskCreate                              0x08014b65   Thumb Code   100  tasks.o(i.xTaskCreate)
    xTaskCreateStatic                        0x08014bc9   Thumb Code   186  tasks.o(i.xTaskCreateStatic)
    xTaskGetSchedulerState                   0x08014c85   Thumb Code    24  tasks.o(i.xTaskGetSchedulerState)
    xTaskGetTickCount                        0x08014ca5   Thumb Code     6  tasks.o(i.xTaskGetTickCount)
    xTaskIncrementTick                       0x08014cb1   Thumb Code   282  tasks.o(i.xTaskIncrementTick)
    xTaskPriorityDisinherit                  0x08014df9   Thumb Code   188  tasks.o(i.xTaskPriorityDisinherit)
    xTaskRemoveFromEventList                 0x08014ec1   Thumb Code   128  tasks.o(i.xTaskRemoveFromEventList)
    xTaskResumeAll                           0x08014f59   Thumb Code   224  tasks.o(i.xTaskResumeAll)
    xTimerCreateTimerTask                    0x0801505d   Thumb Code   100  timers.o(i.xTimerCreateTimerTask)
    xTimerGenericCommand                     0x080150d5   Thumb Code   128  timers.o(i.xTimerGenericCommand)
    D1CorePrescTable                         0x08015204   Data          16  system_stm32h7xx.o(.constdata)
    UARTPrescTable                           0x08015278   Data          24  stm32h7xx_hal_uart.o(.constdata)
    Region$$Table$$Base                      0x08015320   Number         0  anon$$obj.o(Region$$Table)
    Region$$Table$$Limit                     0x08015340   Number         0  anon$$obj.o(Region$$Table)
    twoKp                                    0x24000000   Data           4  MahonyAHRS.o(.data)
    twoKi                                    0x24000004   Data           4  MahonyAHRS.o(.data)
    integralFBx                              0x24000008   Data           4  MahonyAHRS.o(.data)
    integralFBy                              0x2400000c   Data           4  MahonyAHRS.o(.data)
    integralFBz                              0x24000010   Data           4  MahonyAHRS.o(.data)
    u1Rx                                     0x24000014   Data           5  fun_test_task.o(.data)
    u1RxFlag                                 0x24000019   Data           1  fun_test_task.o(.data)
    u5Rx                                     0x2400001a   Data           5  fun_test_task.o(.data)
    u5RxFlag                                 0x2400001f   Data           1  fun_test_task.o(.data)
    u7Rx                                     0x24000020   Data           5  fun_test_task.o(.data)
    u7RxFlag                                 0x24000025   Data           1  fun_test_task.o(.data)
    u10Rx                                    0x24000026   Data           5  fun_test_task.o(.data)
    u10RxFlag                                0x2400002b   Data           1  fun_test_task.o(.data)
    tx_data                                  0x2400002c   Data           8  fun_test_task.o(.data)
    out                                      0x24000038   Data           4  imu_task.o(.data)
    err                                      0x2400003c   Data           4  imu_task.o(.data)
    err_l                                    0x24000040   Data           4  imu_task.o(.data)
    err_ll                                   0x24000044   Data           4  imu_task.o(.data)
    can_tx_cnt                               0x24000048   Data           4  imu_task.o(.data)
    can_err_cnt                              0x2400004c   Data           4  imu_task.o(.data)
    motor_enabled                            0x24000050   Data           1  imu_task.o(.data)
    calib_mode                               0x24000051   Data           1  imu_task.o(.data)
    g_shaft_angle                            0x24000054   Data           4  imu_task.o(.data)
    BMI088_ACCEL_SEN                         0x24000058   Data           4  BMI088driver.o(.data)
    BMI088_GYRO_SEN                          0x2400005c   Data           4  BMI088driver.o(.data)
    rx_data1                                 0x24000084   Data           8  can_bsp.o(.data)
    rx_data2                                 0x2400008c   Data           8  can_bsp.o(.data)
    rx_data3                                 0x24000094   Data           8  can_bsp.o(.data)
    uart7_rx_queue                           0x2400009c   Data           4  uart_bsp.o(.data)
    defaultTaskHandle                        0x240000ac   Data           4  freertos.o(.data)
    ImuTaskHandle                            0x240000b0   Data           4  freertos.o(.data)
    FunTestHandle                            0x240000b4   Data           4  freertos.o(.data)
    VisionTaskHandle                         0x240000b8   Data           4  freertos.o(.data)
    RXQueneHandle                            0x240000bc   Data           4  freertos.o(.data)
    IMUSemHandle                             0x240000c0   Data           4  freertos.o(.data)
    MotorSemHandle                           0x240000c4   Data           4  freertos.o(.data)
    SystemCoreClock                          0x240000c8   Data           4  system_stm32h7xx.o(.data)
    SystemD2Clock                            0x240000cc   Data           4  system_stm32h7xx.o(.data)
    uwTick                                   0x240000d0   Data           4  stm32h7xx_hal.o(.data)
    uwTickPrio                               0x240000d4   Data           4  stm32h7xx_hal.o(.data)
    uwTickFreq                               0x240000d8   Data           1  stm32h7xx_hal.o(.data)
    USBD_CDC                                 0x240000e8   Data          56  usbd_cdc.o(.data)
    pxCurrentTCB                             0x24000194   Data           4  tasks.o(.data)
    g_motor1_dir_cmd                         0x240001e4   Data           1  usbd_cdc_if.o(.data)
    g_motor1_dir_cmd_valid                   0x240001e5   Data           1  usbd_cdc_if.o(.data)
    USBD_Interface_fops_HS                   0x240001e8   Data          20  usbd_cdc_if.o(.data)
    HS_Desc                                  0x240001fc   Data          32  usbd_desc.o(.data)
    USBD_HS_DeviceDesc                       0x2400021c   Data          18  usbd_desc.o(.data)
    USBD_HS_BOSDesc                          0x24000230   Data          12  usbd_desc.o(.data)
    USBD_LangIDDesc                          0x2400023c   Data           4  usbd_desc.o(.data)
    USBD_StringSerial                        0x24000240   Data          26  usbd_desc.o(.data)
    gyro                                     0x24000260   Data          12  imu_task.o(.bss)
    acc                                      0x2400026c   Data          12  imu_task.o(.bss)
    imuQuat                                  0x24000278   Data          16  imu_task.o(.bss)
    imuAngle                                 0x24000288   Data          12  imu_task.o(.bss)
    hadc1                                    0x240009f4   Data         112  adc.o(.bss)
    hdma_adc1                                0x24000a64   Data         120  adc.o(.bss)
    hfdcan1                                  0x24000adc   Data         160  fdcan.o(.bss)
    hfdcan2                                  0x24000b7c   Data         160  fdcan.o(.bss)
    hfdcan3                                  0x24000c1c   Data         160  fdcan.o(.bss)
    ImuTaskBuffer                            0x24000cbc   Data        4096  freertos.o(.bss)
    ImuTaskControlBlock                      0x24001cbc   Data          92  freertos.o(.bss)
    FunTestBuffer                            0x24001d18   Data         512  freertos.o(.bss)
    FunTestControlBlock                      0x24001f18   Data          92  freertos.o(.bss)
    hospi2                                   0x2400262c   Data          92  octospi.o(.bss)
    hspi1                                    0x24002688   Data         136  spi.o(.bss)
    hspi2                                    0x24002710   Data         136  spi.o(.bss)
    hspi6                                    0x24002798   Data         136  spi.o(.bss)
    htim23                                   0x24002820   Data          76  stm32h7xx_hal_timebase_tim.o(.bss)
    htim1                                    0x2400286c   Data          76  tim.o(.bss)
    htim2                                    0x240028b8   Data          76  tim.o(.bss)
    htim3                                    0x24002904   Data          76  tim.o(.bss)
    htim4                                    0x24002950   Data          76  tim.o(.bss)
    htim12                                   0x2400299c   Data          76  tim.o(.bss)
    huart7                                   0x240029e8   Data         148  usart.o(.bss)
    huart1                                   0x24002a7c   Data         148  usart.o(.bss)
    huart2                                   0x24002b10   Data         148  usart.o(.bss)
    huart3                                   0x24002ba4   Data         148  usart.o(.bss)
    huart10                                  0x24002c38   Data         148  usart.o(.bss)
    hdma_uart7_rx                            0x24002ccc   Data         120  usart.o(.bss)
    hdma_uart7_tx                            0x24002d44   Data         120  usart.o(.bss)
    xQueueRegistry                           0x240069bc   Data          64  queue.o(.bss)
    hUsbDeviceHS                             0x24006c04   Data         732  usb_device.o(.bss)
    UserRxBufferHS                           0x24006ee0   Data        2048  usbd_cdc_if.o(.bss)
    UserTxBufferHS                           0x240076e0   Data        2048  usbd_cdc_if.o(.bss)
    USBD_StrDesc                             0x24007ee0   Data         512  usbd_desc.o(.bss)
    hpcd_USB_OTG_HS                          0x240080e0   Data        1252  usbd_conf.o(.bss)
    __initial_sp                             0x24008fe8   Data           0  startup_stm32h723xx.o(STACK)



==============================================================================

Memory Map of the image

  Image Entry point : 0x080002cd

  Load Region LR_IROM1 (Base: 0x08000000, Size: 0x000155a0, Max: 0x00100000, ABSOLUTE, COMPRESSED[0x00015448])

    Execution Region ER_IROM1 (Base: 0x08000000, Size: 0x00015340, Max: 0x00100000, ABSOLUTE)

    Base Addr    Size         Type   Attr      Idx    E Section Name        Object

    0x08000000   0x000002cc   Data   RO        11234    RESET               startup_stm32h723xx.o
    0x080002cc   0x00000000   Code   RO        11287  * .ARM.Collect$$$$00000000  mc_w.l(entry.o)
    0x080002cc   0x00000004   Code   RO        11621    .ARM.Collect$$$$00000001  mc_w.l(entry2.o)
    0x080002d0   0x00000004   Code   RO        11624    .ARM.Collect$$$$00000004  mc_w.l(entry5.o)
    0x080002d4   0x00000000   Code   RO        11626    .ARM.Collect$$$$00000008  mc_w.l(entry7b.o)
    0x080002d4   0x00000000   Code   RO        11628    .ARM.Collect$$$$0000000A  mc_w.l(entry8b.o)
    0x080002d4   0x00000008   Code   RO        11629    .ARM.Collect$$$$0000000B  mc_w.l(entry9a.o)
    0x080002dc   0x00000000   Code   RO        11631    .ARM.Collect$$$$0000000D  mc_w.l(entry10a.o)
    0x080002dc   0x00000000   Code   RO        11633    .ARM.Collect$$$$0000000F  mc_w.l(entry11a.o)
    0x080002dc   0x00000004   Code   RO        11622    .ARM.Collect$$$$00002712  mc_w.l(entry2.o)
    0x080002e0   0x000000be   Code   RO         9733    .emb_text           port.o
    0x0800039e   0x00000002   PAD
    0x080003a0   0x00000024   Code   RO        11235    .text               startup_stm32h723xx.o
    0x080003c4   0x00000062   Code   RO        11290    .text               mc_w.l(uldiv.o)
    0x08000426   0x00000024   Code   RO        11292    .text               mc_w.l(memcpya.o)
    0x0800044a   0x00000024   Code   RO        11296    .text               mc_w.l(memseta.o)
    0x0800046e   0x0000001c   Code   RO        11298    .text               mc_w.l(strcmp.o)
    0x0800048a   0x0000001a   Code   RO        11300    .text               mc_w.l(memcmp.o)
    0x080004a4   0x0000002c   Code   RO        11636    .text               mc_w.l(uidiv.o)
    0x080004d0   0x0000001e   Code   RO        11638    .text               mc_w.l(llshl.o)
    0x080004ee   0x00000020   Code   RO        11640    .text               mc_w.l(llushr.o)
    0x0800050e   0x00000000   Code   RO        11649    .text               mc_w.l(iusefp.o)
    0x0800050e   0x0000014e   Code   RO        11650    .text               mf_w.l(dadd.o)
    0x0800065c   0x000000e4   Code   RO        11652    .text               mf_w.l(dmul.o)
    0x08000740   0x000000de   Code   RO        11654    .text               mf_w.l(ddiv.o)
    0x0800081e   0x00000030   Code   RO        11656    .text               mf_w.l(dfixul.o)
    0x0800084e   0x00000002   PAD
    0x08000850   0x00000030   Code   RO        11658    .text               mf_w.l(cdrcmple.o)
    0x08000880   0x00000024   Code   RO        11670    .text               mc_w.l(init.o)
    0x080008a4   0x00000024   Code   RO        11672    .text               mc_w.l(llsshr.o)
    0x080008c8   0x000000ba   Code   RO        11674    .text               mf_w.l(depilogue.o)
    0x08000982   0x00000056   Code   RO        11684    .text               mc_w.l(__dczerorl2.o)
    0x080009d8   0x00000130   Code   RO         2528    i.ADC_ConfigureBoostMode  stm32h7xx_hal_adc.o
    0x08000b08   0x00000028   Code   RO          364    i.AHRS_init         imu_task.o
    0x08000b30   0x00000040   Code   RO          365    i.AHRS_update       imu_task.o
    0x08000b70   0x00000014   Code   RO          514    i.BMI088_ACCEL_NS_H  BMI088Middleware.o
    0x08000b84   0x00000014   Code   RO          515    i.BMI088_ACCEL_NS_L  BMI088Middleware.o
    0x08000b98   0x00000002   Code   RO          516    i.BMI088_GPIO_init  BMI088Middleware.o
    0x08000b9a   0x00000002   PAD
    0x08000b9c   0x00000014   Code   RO          519    i.BMI088_GYRO_NS_H  BMI088Middleware.o
    0x08000bb0   0x00000014   Code   RO          520    i.BMI088_GYRO_NS_L  BMI088Middleware.o
    0x08000bc4   0x00000002   Code   RO          521    i.BMI088_com_init   BMI088Middleware.o
    0x08000bc6   0x0000001a   Code   RO          522    i.BMI088_delay_ms   BMI088Middleware.o
    0x08000be0   0x0000004a   Code   RO          523    i.BMI088_delay_us   BMI088Middleware.o
    0x08000c2a   0x0000001c   Code   RO          612    i.BMI088_init       BMI088driver.o
    0x08000c46   0x00000002   PAD
    0x08000c48   0x0000017c   Code   RO          614    i.BMI088_read       BMI088driver.o
    0x08000dc4   0x00000026   Code   RO          616    i.BMI088_read_muli_reg  BMI088driver.o
    0x08000dea   0x00000018   Code   RO          617    i.BMI088_read_single_reg  BMI088driver.o
    0x08000e02   0x00000002   PAD
    0x08000e04   0x00000020   Code   RO          524    i.BMI088_read_write_byte  BMI088Middleware.o
    0x08000e24   0x00000014   Code   RO          618    i.BMI088_write_single_reg  BMI088driver.o
    0x08000e38   0x00000004   Code   RO         1823    i.BusFault_Handler  stm32h7xx_it.o
    0x08000e3c   0x00000044   Code   RO        10799    i.CDC_Control_HS    usbd_cdc_if.o
    0x08000e80   0x00000004   Code   RO        10800    i.CDC_DeInit_HS     usbd_cdc_if.o
    0x08000e84   0x00000024   Code   RO        10801    i.CDC_Init_HS       usbd_cdc_if.o
    0x08000ea8   0x00000094   Code   RO        10802    i.CDC_ProcessRxByte  usbd_cdc_if.o
    0x08000f3c   0x00000030   Code   RO        10803    i.CDC_Receive_HS    usbd_cdc_if.o
    0x08000f6c   0x0000000c   Code   RO        10804    i.CDC_TransmitCplt_HS  usbd_cdc_if.o
    0x08000f78   0x00000038   Code   RO        10805    i.CDC_Transmit_HS   usbd_cdc_if.o
    0x08000fb0   0x00000010   Code   RO         1824    i.DMA1_Stream0_IRQHandler  stm32h7xx_it.o
    0x08000fc0   0x00000010   Code   RO         1825    i.DMA1_Stream1_IRQHandler  stm32h7xx_it.o
    0x08000fd0   0x00000010   Code   RO         1826    i.DMA1_Stream2_IRQHandler  stm32h7xx_it.o
    0x08000fe0   0x000000ec   Code   RO         3222    i.DMA_CalcBaseAndBitshift  stm32h7xx_hal_dma.o
    0x080010cc   0x000000c4   Code   RO         3223    i.DMA_CalcDMAMUXChannelBaseAndMask  stm32h7xx_hal_dma.o
    0x08001190   0x00000098   Code   RO         3224    i.DMA_CalcDMAMUXRequestGenBaseAndMask  stm32h7xx_hal_dma.o
    0x08001228   0x000000ae   Code   RO         3225    i.DMA_CheckFifoParam  stm32h7xx_hal_dma.o
    0x080012d6   0x00000002   PAD
    0x080012d8   0x00000274   Code   RO         3226    i.DMA_SetConfig     stm32h7xx_hal_dma.o
    0x0800154c   0x00000002   Code   RO         1827    i.DebugMon_Handler  stm32h7xx_it.o
    0x0800154e   0x00000006   Code   RO         1593    i.Error_Handler     main.o
    0x08001554   0x00000010   Code   RO         1828    i.FDCAN1_IT0_IRQHandler  stm32h7xx_it.o
    0x08001564   0x00000010   Code   RO         1829    i.FDCAN1_IT1_IRQHandler  stm32h7xx_it.o
    0x08001574   0x00000010   Code   RO         1830    i.FDCAN2_IT0_IRQHandler  stm32h7xx_it.o
    0x08001584   0x00000010   Code   RO         1831    i.FDCAN2_IT1_IRQHandler  stm32h7xx_it.o
    0x08001594   0x00000010   Code   RO         1832    i.FDCAN3_IT0_IRQHandler  stm32h7xx_it.o
    0x080015a4   0x00000010   Code   RO         1833    i.FDCAN3_IT1_IRQHandler  stm32h7xx_it.o
    0x080015b4   0x00000220   Code   RO         3481    i.FDCAN_CalcultateRamBlockAddresses  stm32h7xx_hal_fdcan.o
    0x080017d4   0x000000d0   Code   RO         3482    i.FDCAN_CopyMessageToRAM  stm32h7xx_hal_fdcan.o
    0x080018a4   0x0000000c   Code   RO          125    i.FunTest_Entry     fun_test_task.o
    0x080018b0   0x000000dc   Code   RO          366    i.GetAngle          imu_task.o
    0x0800198c   0x00000034   Code   RO        10878    i.Get_SerialNum     usbd_desc.o
    0x080019c0   0x00000164   Code   RO         2820    i.HAL_ADCEx_MultiModeConfigChannel  stm32h7xx_hal_adc_ex.o
    0x08001b24   0x00000884   Code   RO         2536    i.HAL_ADC_ConfigChannel  stm32h7xx_hal_adc.o
    0x080023a8   0x00000340   Code   RO         2545    i.HAL_ADC_Init      stm32h7xx_hal_adc.o
    0x080026e8   0x0000012c   Code   RO         1380    i.HAL_ADC_MspInit   adc.o
    0x08002814   0x000004dc   Code   RO         3227    i.HAL_DMA_Abort     stm32h7xx_hal_dma.o
    0x08002cf0   0x00000398   Code   RO         3228    i.HAL_DMA_Abort_IT  stm32h7xx_hal_dma.o
    0x08003088   0x00000af8   Code   RO         3232    i.HAL_DMA_IRQHandler  stm32h7xx_hal_dma.o
    0x08003b80   0x00000514   Code   RO         3233    i.HAL_DMA_Init      stm32h7xx_hal_dma.o
    0x08004094   0x000003e0   Code   RO         3237    i.HAL_DMA_Start_IT  stm32h7xx_hal_dma.o
    0x08004474   0x00000028   Code   RO         2187    i.HAL_Delay         stm32h7xx_hal.o
    0x0800449c   0x000000a8   Code   RO         3484    i.HAL_FDCAN_ActivateNotification  stm32h7xx_hal_fdcan.o
    0x08004544   0x00000090   Code   RO         3486    i.HAL_FDCAN_AddMessageToTxFifoQ  stm32h7xx_hal_fdcan.o
    0x080045d4   0x00000002   Code   RO         3487    i.HAL_FDCAN_ClockCalibrationCallback  stm32h7xx_hal_fdcan.o
    0x080045d6   0x0000006c   Code   RO         3490    i.HAL_FDCAN_ConfigFifoWatermark  stm32h7xx_hal_fdcan.o
    0x08004642   0x000000a8   Code   RO         3491    i.HAL_FDCAN_ConfigFilter  stm32h7xx_hal_fdcan.o
    0x080046ea   0x00000002   Code   RO         3513    i.HAL_FDCAN_ErrorCallback  stm32h7xx_hal_fdcan.o
    0x080046ec   0x00000002   Code   RO         3514    i.HAL_FDCAN_ErrorStatusCallback  stm32h7xx_hal_fdcan.o
    0x080046ee   0x00000002   PAD
    0x080046f0   0x000001f4   Code   RO         3525    i.HAL_FDCAN_GetRxMessage  stm32h7xx_hal_fdcan.o
    0x080048e4   0x00000002   Code   RO         3531    i.HAL_FDCAN_HighPriorityMessageCallback  stm32h7xx_hal_fdcan.o
    0x080048e6   0x00000002   PAD
    0x080048e8   0x000003d4   Code   RO         3532    i.HAL_FDCAN_IRQHandler  stm32h7xx_hal_fdcan.o
    0x08004cbc   0x000002e0   Code   RO         3533    i.HAL_FDCAN_Init    stm32h7xx_hal_fdcan.o
    0x08004f9c   0x0000023c   Code   RO         1449    i.HAL_FDCAN_MspInit  fdcan.o
    0x080051d8   0x00000002   Code   RO         3542    i.HAL_FDCAN_RxBufferNewMessageCallback  stm32h7xx_hal_fdcan.o
    0x080051da   0x00000002   PAD
    0x080051dc   0x00000038   Code   RO          782    i.HAL_FDCAN_RxFifo0Callback  can_bsp.o
    0x08005214   0x00000002   Code   RO         3544    i.HAL_FDCAN_RxFifo1Callback  stm32h7xx_hal_fdcan.o
    0x08005216   0x00000034   Code   RO         3545    i.HAL_FDCAN_Start   stm32h7xx_hal_fdcan.o
    0x0800524a   0x00000002   Code   RO         3567    i.HAL_FDCAN_TT_GlobalTimeCallback  stm32h7xx_hal_fdcan.o
    0x0800524c   0x00000002   Code   RO         3568    i.HAL_FDCAN_TT_ScheduleSyncCallback  stm32h7xx_hal_fdcan.o
    0x0800524e   0x00000002   Code   RO         3573    i.HAL_FDCAN_TT_StopWatchCallback  stm32h7xx_hal_fdcan.o
    0x08005250   0x00000002   Code   RO         3574    i.HAL_FDCAN_TT_TimeMarkCallback  stm32h7xx_hal_fdcan.o
    0x08005252   0x00000002   Code   RO         3575    i.HAL_FDCAN_TimeoutOccurredCallback  stm32h7xx_hal_fdcan.o
    0x08005254   0x00000002   Code   RO         3576    i.HAL_FDCAN_TimestampWraparoundCallback  stm32h7xx_hal_fdcan.o
    0x08005256   0x00000002   Code   RO         3577    i.HAL_FDCAN_TxBufferAbortCallback  stm32h7xx_hal_fdcan.o
    0x08005258   0x00000002   Code   RO         3578    i.HAL_FDCAN_TxBufferCompleteCallback  stm32h7xx_hal_fdcan.o
    0x0800525a   0x00000002   Code   RO         3579    i.HAL_FDCAN_TxEventFifoCallback  stm32h7xx_hal_fdcan.o
    0x0800525c   0x00000002   Code   RO         3580    i.HAL_FDCAN_TxFifoEmptyCallback  stm32h7xx_hal_fdcan.o
    0x0800525e   0x00000002   PAD
    0x08005260   0x0000016c   Code   RO         4383    i.HAL_GPIO_DeInit   stm32h7xx_hal_gpio.o
    0x080053cc   0x000001f0   Code   RO         4386    i.HAL_GPIO_Init     stm32h7xx_hal_gpio.o
    0x080055bc   0x0000000c   Code   RO         4390    i.HAL_GPIO_WritePin  stm32h7xx_hal_gpio.o
    0x080055c8   0x0000000c   Code   RO         2203    i.HAL_GetTick       stm32h7xx_hal.o
    0x080055d4   0x00000018   Code   RO         2209    i.HAL_IncTick       stm32h7xx_hal.o
    0x080055ec   0x00000060   Code   RO         2210    i.HAL_Init          stm32h7xx_hal.o
    0x0800564c   0x00000094   Code   RO         1784    i.HAL_InitTick      stm32h7xx_hal_timebase_tim.o
    0x080056e0   0x00000030   Code   RO         1760    i.HAL_MspInit       stm32h7xx_hal_msp.o
    0x08005710   0x00000028   Code   RO         3072    i.HAL_NVIC_EnableIRQ  stm32h7xx_hal_cortex.o
    0x08005738   0x0000007a   Code   RO         3078    i.HAL_NVIC_SetPriority  stm32h7xx_hal_cortex.o
    0x080057b2   0x00000002   PAD
    0x080057b4   0x00000028   Code   RO         3079    i.HAL_NVIC_SetPriorityGrouping  stm32h7xx_hal_cortex.o
    0x080057dc   0x00000700   Code   RO         5201    i.HAL_OSPIM_Config  stm32h7xx_hal_ospi.o
    0x08005edc   0x00000032   Code   RO         5210    i.HAL_OSPI_DeInit   stm32h7xx_hal_ospi.o
    0x08005f0e   0x00000002   PAD
    0x08005f10   0x00000110   Code   RO         5219    i.HAL_OSPI_Init     stm32h7xx_hal_ospi.o
    0x08006020   0x00000060   Code   RO         1664    i.HAL_OSPI_MspDeInit  octospi.o
    0x08006080   0x000001a4   Code   RO         1665    i.HAL_OSPI_MspInit  octospi.o
    0x08006224   0x00000008   Code   RO         5229    i.HAL_OSPI_SetTimeout  stm32h7xx_hal_ospi.o
    0x0800622c   0x00000028   Code   RO         5708    i.HAL_PCDEx_ActivateLPM  stm32h7xx_hal_pcd_ex.o
    0x08006254   0x00000002   Code   RO         5713    i.HAL_PCDEx_LPM_Callback  stm32h7xx_hal_pcd_ex.o
    0x08006256   0x0000000a   Code   RO         5714    i.HAL_PCDEx_SetRxFiFo  stm32h7xx_hal_pcd_ex.o
    0x08006260   0x0000004e   Code   RO         5715    i.HAL_PCDEx_SetTxFiFo  stm32h7xx_hal_pcd_ex.o
    0x080062ae   0x0000000e   Code   RO        10965    i.HAL_PCD_ConnectCallback  usbd_conf.o
    0x080062bc   0x00000020   Code   RO        10966    i.HAL_PCD_DataInStageCallback  usbd_conf.o
    0x080062dc   0x00000020   Code   RO        10967    i.HAL_PCD_DataOutStageCallback  usbd_conf.o
    0x080062fc   0x0000000e   Code   RO        10968    i.HAL_PCD_DisconnectCallback  usbd_conf.o
    0x0800630a   0x00000042   Code   RO         5479    i.HAL_PCD_EP_Abort  stm32h7xx_hal_pcd.o
    0x0800634c   0x0000006a   Code   RO         5480    i.HAL_PCD_EP_Close  stm32h7xx_hal_pcd.o
    0x080063b6   0x0000007c   Code   RO         5481    i.HAL_PCD_EP_ClrStall  stm32h7xx_hal_pcd.o
    0x08006432   0x00000016   Code   RO         5483    i.HAL_PCD_EP_GetRxCount  stm32h7xx_hal_pcd.o
    0x08006448   0x0000008e   Code   RO         5484    i.HAL_PCD_EP_Open   stm32h7xx_hal_pcd.o
    0x080064d6   0x00000046   Code   RO         5485    i.HAL_PCD_EP_Receive  stm32h7xx_hal_pcd.o
    0x0800651c   0x0000008a   Code   RO         5486    i.HAL_PCD_EP_SetStall  stm32h7xx_hal_pcd.o
    0x080065a6   0x00000048   Code   RO         5487    i.HAL_PCD_EP_Transmit  stm32h7xx_hal_pcd.o
    0x080065ee   0x0000070e   Code   RO         5489    i.HAL_PCD_IRQHandler  stm32h7xx_hal_pcd.o
    0x08006cfc   0x00000012   Code   RO        10969    i.HAL_PCD_ISOINIncompleteCallback  usbd_conf.o
    0x08006d0e   0x00000012   Code   RO        10970    i.HAL_PCD_ISOOUTIncompleteCallback  usbd_conf.o
    0x08006d20   0x0000015e   Code   RO         5492    i.HAL_PCD_Init      stm32h7xx_hal_pcd.o
    0x08006e7e   0x00000002   PAD
    0x08006e80   0x00000070   Code   RO        10972    i.HAL_PCD_MspInit   usbd_conf.o
    0x08006ef0   0x00000030   Code   RO        10973    i.HAL_PCD_ResetCallback  usbd_conf.o
    0x08006f20   0x0000000e   Code   RO        10974    i.HAL_PCD_ResumeCallback  usbd_conf.o
    0x08006f2e   0x0000000e   Code   RO        10975    i.HAL_PCD_SOFCallback  usbd_conf.o
    0x08006f3c   0x00000034   Code   RO         5498    i.HAL_PCD_SetAddress  stm32h7xx_hal_pcd.o
    0x08006f70   0x00000012   Code   RO        10976    i.HAL_PCD_SetupStageCallback  usbd_conf.o
    0x08006f82   0x0000004c   Code   RO         5501    i.HAL_PCD_Start     stm32h7xx_hal_pcd.o
    0x08006fce   0x00000002   PAD
    0x08006fd0   0x00000034   Code   RO        10977    i.HAL_PCD_SuspendCallback  usbd_conf.o
    0x08007004   0x00000060   Code   RO         5904    i.HAL_PWREx_ConfigSupply  stm32h7xx_hal_pwr_ex.o
    0x08007064   0x00000014   Code   RO         5921    i.HAL_PWREx_EnableUSBVoltageDetector  stm32h7xx_hal_pwr_ex.o
    0x08007078   0x00000024   Code   RO         6261    i.HAL_RCCEx_GetD3PCLK1Freq  stm32h7xx_hal_rcc_ex.o
    0x0800709c   0x00000230   Code   RO         6262    i.HAL_RCCEx_GetPLL1ClockFreq  stm32h7xx_hal_rcc_ex.o
    0x080072cc   0x00000230   Code   RO         6263    i.HAL_RCCEx_GetPLL2ClockFreq  stm32h7xx_hal_rcc_ex.o
    0x080074fc   0x00000230   Code   RO         6264    i.HAL_RCCEx_GetPLL3ClockFreq  stm32h7xx_hal_rcc_ex.o
    0x0800772c   0x000007ac   Code   RO         6266    i.HAL_RCCEx_GetPeriphCLKFreq  stm32h7xx_hal_rcc_ex.o
    0x08007ed8   0x00000cc8   Code   RO         6270    i.HAL_RCCEx_PeriphCLKConfig  stm32h7xx_hal_rcc_ex.o
    0x08008ba0   0x00000320   Code   RO         6146    i.HAL_RCC_ClockConfig  stm32h7xx_hal_rcc.o
    0x08008ec0   0x0000006c   Code   RO         6150    i.HAL_RCC_GetClockConfig  stm32h7xx_hal_rcc.o
    0x08008f2c   0x0000004c   Code   RO         6151    i.HAL_RCC_GetHCLKFreq  stm32h7xx_hal_rcc.o
    0x08008f78   0x00000024   Code   RO         6153    i.HAL_RCC_GetPCLK1Freq  stm32h7xx_hal_rcc.o
    0x08008f9c   0x00000024   Code   RO         6154    i.HAL_RCC_GetPCLK2Freq  stm32h7xx_hal_rcc.o
    0x08008fc0   0x0000022c   Code   RO         6155    i.HAL_RCC_GetSysClockFreq  stm32h7xx_hal_rcc.o
    0x080091ec   0x000000bc   Code   RO         6156    i.HAL_RCC_MCOConfig  stm32h7xx_hal_rcc.o
    0x080092a8   0x0000075c   Code   RO         6158    i.HAL_RCC_OscConfig  stm32h7xx_hal_rcc.o
    0x08009a04   0x00000098   Code   RO         8219    i.HAL_RS485Ex_Init  stm32h7xx_hal_uart_ex.o
    0x08009a9c   0x000001b0   Code   RO         6442    i.HAL_SPI_Init      stm32h7xx_hal_spi.o
    0x08009c4c   0x00000250   Code   RO         1707    i.HAL_SPI_MspInit   spi.o
    0x08009e9c   0x00000454   Code   RO         6452    i.HAL_SPI_TransmitReceive  stm32h7xx_hal_spi.o
    0x0800a2f0   0x00000014   Code   RO         2217    i.HAL_SYSCFG_AnalogSwitchConfig  stm32h7xx_hal.o
    0x0800a304   0x00000002   Code   RO         7492    i.HAL_TIMEx_Break2Callback  stm32h7xx_hal_tim_ex.o
    0x0800a306   0x00000002   Code   RO         7493    i.HAL_TIMEx_BreakCallback  stm32h7xx_hal_tim_ex.o
    0x0800a308   0x00000002   Code   RO         7494    i.HAL_TIMEx_CommutCallback  stm32h7xx_hal_tim_ex.o
    0x0800a30a   0x00000002   PAD
    0x0800a30c   0x000000c8   Code   RO         7496    i.HAL_TIMEx_ConfigBreakDeadTime  stm32h7xx_hal_tim_ex.o
    0x0800a3d4   0x000000e4   Code   RO         7515    i.HAL_TIMEx_MasterConfigSynchronization  stm32h7xx_hal_tim_ex.o
    0x0800a4b8   0x0000006e   Code   RO         6767    i.HAL_TIM_Base_Init  stm32h7xx_hal_tim.o
    0x0800a526   0x00000002   PAD
    0x0800a528   0x00000044   Code   RO         2021    i.HAL_TIM_Base_MspInit  tim.o
    0x0800a56c   0x000000cc   Code   RO         6772    i.HAL_TIM_Base_Start_IT  stm32h7xx_hal_tim.o
    0x0800a638   0x00000134   Code   RO         6776    i.HAL_TIM_ConfigClockSource  stm32h7xx_hal_tim.o
    0x0800a76c   0x00000002   Code   RO         6801    i.HAL_TIM_IC_CaptureCallback  stm32h7xx_hal_tim.o
    0x0800a76e   0x00000198   Code   RO         6815    i.HAL_TIM_IRQHandler  stm32h7xx_hal_tim.o
    0x0800a906   0x00000002   PAD
    0x0800a908   0x00000130   Code   RO         2022    i.HAL_TIM_MspPostInit  tim.o
    0x0800aa38   0x00000002   Code   RO         6818    i.HAL_TIM_OC_DelayElapsedCallback  stm32h7xx_hal_tim.o
    0x0800aa3a   0x00000170   Code   RO         6839    i.HAL_TIM_PWM_ConfigChannel  stm32h7xx_hal_tim.o
    0x0800abaa   0x0000006e   Code   RO         6842    i.HAL_TIM_PWM_Init  stm32h7xx_hal_tim.o
    0x0800ac18   0x000000b0   Code   RO         2024    i.HAL_TIM_PWM_MspInit  tim.o
    0x0800acc8   0x00000002   Code   RO         6845    i.HAL_TIM_PWM_PulseFinishedCallback  stm32h7xx_hal_tim.o
    0x0800acca   0x00000002   PAD
    0x0800accc   0x0000017c   Code   RO         6847    i.HAL_TIM_PWM_Start  stm32h7xx_hal_tim.o
    0x0800ae48   0x00000018   Code   RO         1594    i.HAL_TIM_PeriodElapsedCallback  main.o
    0x0800ae60   0x00000002   Code   RO         6858    i.HAL_TIM_TriggerCallback  stm32h7xx_hal_tim.o
    0x0800ae62   0x0000004e   Code   RO         8220    i.HAL_UARTEx_DisableFifoMode  stm32h7xx_hal_uart_ex.o
    0x0800aeb0   0x00000062   Code   RO         8226    i.HAL_UARTEx_ReceiveToIdle_DMA  stm32h7xx_hal_uart_ex.o
    0x0800af12   0x00000002   PAD
    0x0800af14   0x00000078   Code   RO         1195    i.HAL_UARTEx_RxEventCallback  uart_bsp.o
    0x0800af8c   0x00000002   Code   RO         8228    i.HAL_UARTEx_RxFifoFullCallback  stm32h7xx_hal_uart_ex.o
    0x0800af8e   0x0000005e   Code   RO         8229    i.HAL_UARTEx_SetRxFifoThreshold  stm32h7xx_hal_uart_ex.o
    0x0800afec   0x0000005e   Code   RO         8230    i.HAL_UARTEx_SetTxFifoThreshold  stm32h7xx_hal_uart_ex.o
    0x0800b04a   0x00000002   Code   RO         8232    i.HAL_UARTEx_TxFifoEmptyCallback  stm32h7xx_hal_uart_ex.o
    0x0800b04c   0x00000002   Code   RO         8233    i.HAL_UARTEx_WakeupCallback  stm32h7xx_hal_uart_ex.o
    0x0800b04e   0x00000002   PAD
    0x0800b050   0x0000002c   Code   RO         1196    i.HAL_UART_ErrorCallback  uart_bsp.o
    0x0800b07c   0x000004b6   Code   RO         7823    i.HAL_UART_IRQHandler  stm32h7xx_hal_uart.o
    0x0800b532   0x00000078   Code   RO         7824    i.HAL_UART_Init     stm32h7xx_hal_uart.o
    0x0800b5aa   0x00000002   PAD
    0x0800b5ac   0x000003c0   Code   RO         2105    i.HAL_UART_MspInit  usart.o
    0x0800b96c   0x0000005c   Code   RO         7829    i.HAL_UART_Receive_IT  stm32h7xx_hal_uart.o
    0x0800b9c8   0x0000009c   Code   RO          126    i.HAL_UART_RxCpltCallback  fun_test_task.o
    0x0800ba64   0x00000002   Code   RO         7832    i.HAL_UART_RxHalfCpltCallback  stm32h7xx_hal_uart.o
    0x0800ba66   0x00000002   PAD
    0x0800ba68   0x000000a0   Code   RO         7834    i.HAL_UART_Transmit_DMA  stm32h7xx_hal_uart.o
    0x0800bb08   0x00000002   Code   RO         7836    i.HAL_UART_TxCpltCallback  stm32h7xx_hal_uart.o
    0x0800bb0a   0x00000002   Code   RO         7837    i.HAL_UART_TxHalfCpltCallback  stm32h7xx_hal_uart.o
    0x0800bb0c   0x00000004   Code   RO         1834    i.HardFault_Handler  stm32h7xx_it.o
    0x0800bb10   0x0000030c   Code   RO          367    i.ImuTask_Entry     imu_task.o
    0x0800be1c   0x0000003e   Code   RO        10879    i.IntToUnicode      usbd_desc.o
    0x0800be5a   0x00000012   Code   RO         2561    i.LL_ADC_GetOffsetChannel  stm32h7xx_hal_adc.o
    0x0800be6c   0x0000000a   Code   RO         2562    i.LL_ADC_INJ_IsConversionOngoing  stm32h7xx_hal_adc.o
    0x0800be76   0x0000000a   Code   RO         2564    i.LL_ADC_IsEnabled  stm32h7xx_hal_adc.o
    0x0800be80   0x0000000a   Code   RO         2833    i.LL_ADC_IsEnabled  stm32h7xx_hal_adc_ex.o
    0x0800be8a   0x0000000a   Code   RO         2565    i.LL_ADC_IsInternalRegulatorEnabled  stm32h7xx_hal_adc.o
    0x0800be94   0x0000000a   Code   RO         2566    i.LL_ADC_REG_IsConversionOngoing  stm32h7xx_hal_adc.o
    0x0800be9e   0x0000000a   Code   RO         2834    i.LL_ADC_REG_IsConversionOngoing  stm32h7xx_hal_adc_ex.o
    0x0800bea8   0x0000000c   Code   RO         2570    i.LL_ADC_SetCommonPathInternalCh  stm32h7xx_hal_adc.o
    0x0800beb4   0x00000030   Code   RO         2571    i.LL_ADC_SetOffsetState  stm32h7xx_hal_adc.o
    0x0800bee4   0x000000c8   Code   RO         1381    i.MX_ADC1_Init      adc.o
    0x0800bfac   0x00000054   Code   RO         1421    i.MX_DMA_Init       dma.o
    0x0800c000   0x0000007c   Code   RO         1450    i.MX_FDCAN1_Init    fdcan.o
    0x0800c07c   0x00000080   Code   RO         1451    i.MX_FDCAN2_Init    fdcan.o
    0x0800c0fc   0x00000078   Code   RO         1452    i.MX_FDCAN3_Init    fdcan.o
    0x0800c174   0x000000d8   Code   RO         1505    i.MX_FREERTOS_Init  freertos.o
    0x0800c24c   0x00000270   Code   RO         1569    i.MX_GPIO_Init      gpio.o
    0x0800c4bc   0x000000a4   Code   RO         1666    i.MX_OCTOSPI2_Init  octospi.o
    0x0800c560   0x00000064   Code   RO         1708    i.MX_SPI1_Init      spi.o
    0x0800c5c4   0x00000064   Code   RO         1709    i.MX_SPI2_Init      spi.o
    0x0800c628   0x00000064   Code   RO         1710    i.MX_SPI6_Init      spi.o
    0x0800c68c   0x0000007c   Code   RO         2025    i.MX_TIM12_Init     tim.o
    0x0800c708   0x000000c4   Code   RO         2026    i.MX_TIM1_Init      tim.o
    0x0800c7cc   0x00000090   Code   RO         2027    i.MX_TIM2_Init      tim.o
    0x0800c85c   0x00000080   Code   RO         2028    i.MX_TIM3_Init      tim.o
    0x0800c8dc   0x00000070   Code   RO         2029    i.MX_TIM4_Init      tim.o
    0x0800c94c   0x0000006c   Code   RO         2106    i.MX_UART7_Init     usart.o
    0x0800c9b8   0x0000006c   Code   RO         2107    i.MX_USART10_UART_Init  usart.o
    0x0800ca24   0x0000006c   Code   RO         2108    i.MX_USART1_UART_Init  usart.o
    0x0800ca90   0x00000070   Code   RO         2109    i.MX_USART2_UART_Init  usart.o
    0x0800cb00   0x00000070   Code   RO         2110    i.MX_USART3_UART_Init  usart.o
    0x0800cb70   0x00000050   Code   RO        10757    i.MX_USB_DEVICE_Init  usb_device.o
    0x0800cbc0   0x000002f8   Code   RO            2    i.MahonyAHRSupdateIMU  MahonyAHRS.o
    0x0800ceb8   0x00000004   Code   RO         1835    i.MemManage_Handler  stm32h7xx_it.o
    0x0800cebc   0x00000004   Code   RO         1836    i.NMI_Handler       stm32h7xx_it.o
    0x0800cec0   0x000000e8   Code   RO         5237    i.OSPIM_GetConfig   stm32h7xx_hal_ospi.o
    0x0800cfa8   0x0000004c   Code   RO         5243    i.OSPI_WaitFlagStateUntilTimeout  stm32h7xx_hal_ospi.o
    0x0800cff4   0x00000010   Code   RO         1837    i.OTG_HS_IRQHandler  stm32h7xx_it.o
    0x0800d004   0x00000064   Code   RO         5504    i.PCD_EP_OutSetupPacket_int  stm32h7xx_hal_pcd.o
    0x0800d068   0x00000144   Code   RO         5505    i.PCD_EP_OutXfrComplete_int  stm32h7xx_hal_pcd.o
    0x0800d1ac   0x000000b6   Code   RO         5506    i.PCD_WriteEmptyTxFifo  stm32h7xx_hal_pcd.o
    0x0800d262   0x00000010   Code   RO         1137    i.QD4310_Enable     qd4310.o
    0x0800d272   0x0000002c   Code   RO         1138    i.QD4310_SendCommand  qd4310.o
    0x0800d29e   0x00000002   PAD
    0x0800d2a0   0x00000058   Code   RO         1139    i.QD4310_SetAngle   qd4310.o
    0x0800d2f8   0x00000058   Code   RO         1141    i.QD4310_SetSpeed   qd4310.o
    0x0800d350   0x00000164   Code   RO         6273    i.RCCEx_PLL2_Config  stm32h7xx_hal_rcc_ex.o
    0x0800d4b4   0x00000164   Code   RO         6274    i.RCCEx_PLL3_Config  stm32h7xx_hal_rcc_ex.o
    0x0800d618   0x000000d6   Code   RO         6462    i.SPI_CloseTransfer  stm32h7xx_hal_spi.o
    0x0800d6ee   0x0000001a   Code   RO         6473    i.SPI_GetPacketSize  stm32h7xx_hal_spi.o
    0x0800d708   0x00000042   Code   RO         6480    i.SPI_WaitOnFlagUntilTimeout  stm32h7xx_hal_spi.o
    0x0800d74a   0x00000012   Code   RO         8938    i.SWAPBYTE          usbd_ctlreq.o
    0x0800d75c   0x0000000e   Code   RO         1506    i.StartDefaultTask  freertos.o
    0x0800d76a   0x0000000a   Code   RO         1507    i.StartVisionTask   freertos.o
    0x0800d774   0x00000034   Code   RO         9734    i.SysTick_Handler   port.o
    0x0800d7a8   0x000000d0   Code   RO         1596    i.SystemClock_Config  main.o
    0x0800d878   0x000000e0   Code   RO         1984    i.SystemInit        system_stm32h7xx.o
    0x0800d958   0x00000010   Code   RO         1838    i.TIM23_IRQHandler  stm32h7xx_it.o
    0x0800d968   0x00000010   Code   RO         1839    i.TIM4_IRQHandler   stm32h7xx_it.o
    0x0800d978   0x000000e8   Code   RO         6860    i.TIM_Base_SetConfig  stm32h7xx_hal_tim.o
    0x0800da60   0x00000022   Code   RO         6861    i.TIM_CCxChannelCmd  stm32h7xx_hal_tim.o
    0x0800da82   0x00000016   Code   RO         6871    i.TIM_ETR_SetConfig  stm32h7xx_hal_tim.o
    0x0800da98   0x00000018   Code   RO         6872    i.TIM_ITRx_SetConfig  stm32h7xx_hal_tim.o
    0x0800dab0   0x000000ac   Code   RO         6873    i.TIM_OC1_SetConfig  stm32h7xx_hal_tim.o
    0x0800db5c   0x000000b4   Code   RO         6874    i.TIM_OC2_SetConfig  stm32h7xx_hal_tim.o
    0x0800dc10   0x000000b4   Code   RO         6875    i.TIM_OC3_SetConfig  stm32h7xx_hal_tim.o
    0x0800dcc4   0x00000074   Code   RO         6876    i.TIM_OC4_SetConfig  stm32h7xx_hal_tim.o
    0x0800dd38   0x00000070   Code   RO         6877    i.TIM_OC5_SetConfig  stm32h7xx_hal_tim.o
    0x0800dda8   0x00000070   Code   RO         6878    i.TIM_OC6_SetConfig  stm32h7xx_hal_tim.o
    0x0800de18   0x00000026   Code   RO         6880    i.TIM_TI1_ConfigInputStage  stm32h7xx_hal_tim.o
    0x0800de3e   0x00000028   Code   RO         6882    i.TIM_TI2_ConfigInputStage  stm32h7xx_hal_tim.o
    0x0800de66   0x00000002   PAD
    0x0800de68   0x00000010   Code   RO         1840    i.UART7_IRQHandler  stm32h7xx_it.o
    0x0800de78   0x00000058   Code   RO         8234    i.UARTEx_SetNbDataToProcess  stm32h7xx_hal_uart_ex.o
    0x0800ded0   0x000000f8   Code   RO         7838    i.UART_AdvFeatureConfig  stm32h7xx_hal_uart.o
    0x0800dfc8   0x000000ea   Code   RO         7839    i.UART_CheckIdleState  stm32h7xx_hal_uart.o
    0x0800e0b2   0x00000014   Code   RO         7840    i.UART_DMAAbortOnError  stm32h7xx_hal_uart.o
    0x0800e0c6   0x0000005e   Code   RO         7841    i.UART_DMAError     stm32h7xx_hal_uart.o
    0x0800e124   0x000000ae   Code   RO         7842    i.UART_DMAReceiveCplt  stm32h7xx_hal_uart.o
    0x0800e1d2   0x00000026   Code   RO         7844    i.UART_DMARxHalfCplt  stm32h7xx_hal_uart.o
    0x0800e1f8   0x00000054   Code   RO         7846    i.UART_DMATransmitCplt  stm32h7xx_hal_uart.o
    0x0800e24c   0x0000000e   Code   RO         7848    i.UART_DMATxHalfCplt  stm32h7xx_hal_uart.o
    0x0800e25a   0x00000002   PAD
    0x0800e25c   0x0000006c   Code   RO         7850    i.UART_EndRxTransfer  stm32h7xx_hal_uart.o
    0x0800e2c8   0x00000030   Code   RO         7851    i.UART_EndTransmit_IT  stm32h7xx_hal_uart.o
    0x0800e2f8   0x00000040   Code   RO         7852    i.UART_EndTxTransfer  stm32h7xx_hal_uart.o
    0x0800e338   0x00000104   Code   RO         7853    i.UART_RxISR_16BIT  stm32h7xx_hal_uart.o
    0x0800e43c   0x00000200   Code   RO         7854    i.UART_RxISR_16BIT_FIFOEN  stm32h7xx_hal_uart.o
    0x0800e63c   0x00000104   Code   RO         7855    i.UART_RxISR_8BIT   stm32h7xx_hal_uart.o
    0x0800e740   0x000001fc   Code   RO         7856    i.UART_RxISR_8BIT_FIFOEN  stm32h7xx_hal_uart.o
    0x0800e93c   0x00000628   Code   RO         7857    i.UART_SetConfig    stm32h7xx_hal_uart.o
    0x0800ef64   0x000000c8   Code   RO         7858    i.UART_Start_Receive_DMA  stm32h7xx_hal_uart.o
    0x0800f02c   0x0000015c   Code   RO         7859    i.UART_Start_Receive_IT  stm32h7xx_hal_uart.o
    0x0800f188   0x000000ac   Code   RO         7864    i.UART_WaitOnFlagUntilTimeout  stm32h7xx_hal_uart.o
    0x0800f234   0x00000010   Code   RO         1841    i.USART10_IRQHandler  stm32h7xx_it.o
    0x0800f244   0x00000010   Code   RO         1842    i.USART1_IRQHandler  stm32h7xx_it.o
    0x0800f254   0x00000010   Code   RO         1843    i.USART2_IRQHandler  stm32h7xx_it.o
    0x0800f264   0x00000010   Code   RO         1844    i.USART3_IRQHandler  stm32h7xx_it.o
    0x0800f274   0x000000c4   Code   RO         8654    i.USBD_CDC_DataIn   usbd_cdc.o
    0x0800f338   0x00000048   Code   RO         8655    i.USBD_CDC_DataOut  usbd_cdc.o
    0x0800f380   0x000000d4   Code   RO         8656    i.USBD_CDC_DeInit   usbd_cdc.o
    0x0800f454   0x00000050   Code   RO         8657    i.USBD_CDC_EP0_RxReady  usbd_cdc.o
    0x0800f4a4   0x00000010   Code   RO         8658    i.USBD_CDC_GetDeviceQualifierDescriptor  usbd_cdc.o
    0x0800f4b4   0x00000044   Code   RO         8659    i.USBD_CDC_GetFSCfgDesc  usbd_cdc.o
    0x0800f4f8   0x00000048   Code   RO         8660    i.USBD_CDC_GetHSCfgDesc  usbd_cdc.o
    0x0800f540   0x00000044   Code   RO         8661    i.USBD_CDC_GetOtherSpeedCfgDesc  usbd_cdc.o
    0x0800f584   0x000001a0   Code   RO         8662    i.USBD_CDC_Init     usbd_cdc.o
    0x0800f724   0x00000050   Code   RO         8663    i.USBD_CDC_ReceivePacket  usbd_cdc.o
    0x0800f774   0x00000018   Code   RO         8664    i.USBD_CDC_RegisterInterface  usbd_cdc.o
    0x0800f78c   0x0000001e   Code   RO         8665    i.USBD_CDC_SetRxBuffer  usbd_cdc.o
    0x0800f7aa   0x00000024   Code   RO         8666    i.USBD_CDC_SetTxBuffer  usbd_cdc.o
    0x0800f7ce   0x00000140   Code   RO         8667    i.USBD_CDC_Setup    usbd_cdc.o
    0x0800f90e   0x00000002   PAD
    0x0800f910   0x0000005c   Code   RO         8668    i.USBD_CDC_TransmitPacket  usbd_cdc.o
    0x0800f96c   0x0000001c   Code   RO         8772    i.USBD_ClrClassConfig  usbd_core.o
    0x0800f988   0x0000003e   Code   RO         8939    i.USBD_ClrFeature   usbd_ctlreq.o
    0x0800f9c6   0x00000006   Code   RO         8773    i.USBD_CoreFindEP   usbd_core.o
    0x0800f9cc   0x00000006   Code   RO         8774    i.USBD_CoreFindIF   usbd_core.o
    0x0800f9d2   0x00000018   Code   RO         9045    i.USBD_CtlContinueRx  usbd_ioreq.o
    0x0800f9ea   0x00000018   Code   RO         9046    i.USBD_CtlContinueSendData  usbd_ioreq.o
    0x0800fa02   0x00000018   Code   RO         8940    i.USBD_CtlError     usbd_ctlreq.o
    0x0800fa1a   0x00000028   Code   RO         9047    i.USBD_CtlPrepareRx  usbd_ioreq.o
    0x0800fa42   0x0000001a   Code   RO         9048    i.USBD_CtlReceiveStatus  usbd_ioreq.o
    0x0800fa5c   0x00000022   Code   RO         9049    i.USBD_CtlSendData  usbd_ioreq.o
    0x0800fa7e   0x0000001a   Code   RO         9050    i.USBD_CtlSendStatus  usbd_ioreq.o
    0x0800fa98   0x00000056   Code   RO         8941    i.USBD_GetConfig    usbd_ctlreq.o
    0x0800faee   0x00000232   Code   RO         8942    i.USBD_GetDescriptor  usbd_ctlreq.o
    0x0800fd20   0x00000050   Code   RO         8776    i.USBD_GetEpDesc    usbd_core.o
    0x0800fd70   0x00000016   Code   RO         8943    i.USBD_GetLen       usbd_ctlreq.o
    0x0800fd86   0x00000014   Code   RO         8777    i.USBD_GetNextDesc  usbd_core.o
    0x0800fd9a   0x0000005a   Code   RO         8944    i.USBD_GetStatus    usbd_ctlreq.o
    0x0800fdf4   0x00000068   Code   RO         8945    i.USBD_GetString    usbd_ctlreq.o
    0x0800fe5c   0x0000002c   Code   RO        10978    i.USBD_Get_USB_Status  usbd_conf.o
    0x0800fe88   0x00000034   Code   RO        10880    i.USBD_HS_ConfigStrDescriptor  usbd_desc.o
    0x0800febc   0x00000010   Code   RO        10881    i.USBD_HS_DeviceDescriptor  usbd_desc.o
    0x0800fecc   0x00000038   Code   RO        10882    i.USBD_HS_InterfaceStrDescriptor  usbd_desc.o
    0x0800ff04   0x00000010   Code   RO        10883    i.USBD_HS_LangIDStrDescriptor  usbd_desc.o
    0x0800ff14   0x0000002c   Code   RO        10884    i.USBD_HS_ManufacturerStrDescriptor  usbd_desc.o
    0x0800ff40   0x00000040   Code   RO        10885    i.USBD_HS_ProductStrDescriptor  usbd_desc.o
    0x0800ff80   0x00000018   Code   RO        10886    i.USBD_HS_SerialStrDescriptor  usbd_desc.o
    0x0800ff98   0x0000003a   Code   RO         8778    i.USBD_Init         usbd_core.o
    0x0800ffd2   0x00000026   Code   RO        10979    i.USBD_LL_ClearStallEP  usbd_conf.o
    0x0800fff8   0x00000026   Code   RO        10980    i.USBD_LL_CloseEP   usbd_conf.o
    0x0801001e   0x00000108   Code   RO         8779    i.USBD_LL_DataInStage  usbd_core.o
    0x08010126   0x00000102   Code   RO         8780    i.USBD_LL_DataOutStage  usbd_core.o
    0x08010228   0x00000006   Code   RO         8781    i.USBD_LL_DevConnected  usbd_core.o
    0x0801022e   0x00000026   Code   RO         8782    i.USBD_LL_DevDisconnected  usbd_core.o
    0x08010254   0x00000012   Code   RO        10984    i.USBD_LL_GetRxDataSize  usbd_conf.o
    0x08010266   0x00000002   PAD
    0x08010268   0x00000070   Code   RO        10985    i.USBD_LL_Init      usbd_conf.o
    0x080102d8   0x00000038   Code   RO        10986    i.USBD_LL_IsStallEP  usbd_conf.o
    0x08010310   0x00000048   Code   RO         8783    i.USBD_LL_IsoINIncomplete  usbd_core.o
    0x08010358   0x00000048   Code   RO         8784    i.USBD_LL_IsoOUTIncomplete  usbd_core.o
    0x080103a0   0x00000030   Code   RO        10987    i.USBD_LL_OpenEP    usbd_conf.o
    0x080103d0   0x00000030   Code   RO        10988    i.USBD_LL_PrepareReceive  usbd_conf.o
    0x08010400   0x0000006c   Code   RO         8785    i.USBD_LL_Reset     usbd_core.o
    0x0801046c   0x00000016   Code   RO         8786    i.USBD_LL_Resume    usbd_core.o
    0x08010482   0x00000028   Code   RO         8787    i.USBD_LL_SOF       usbd_core.o
    0x080104aa   0x00000008   Code   RO         8788    i.USBD_LL_SetSpeed  usbd_core.o
    0x080104b2   0x00000026   Code   RO        10989    i.USBD_LL_SetUSBAddress  usbd_conf.o
    0x080104d8   0x00000076   Code   RO         8789    i.USBD_LL_SetupStage  usbd_core.o
    0x0801054e   0x00000026   Code   RO        10990    i.USBD_LL_StallEP   usbd_conf.o
    0x08010574   0x0000001e   Code   RO        10991    i.USBD_LL_Start     usbd_conf.o
    0x08010592   0x0000001c   Code   RO         8790    i.USBD_LL_Suspend   usbd_core.o
    0x080105ae   0x00000030   Code   RO        10993    i.USBD_LL_Transmit  usbd_conf.o
    0x080105de   0x00000036   Code   RO         8946    i.USBD_ParseSetupRequest  usbd_ctlreq.o
    0x08010614   0x00000048   Code   RO         8791    i.USBD_RegisterClass  usbd_core.o
    0x0801065c   0x00000006   Code   RO         8792    i.USBD_RunTestMode  usbd_core.o
    0x08010662   0x0000005a   Code   RO         8947    i.USBD_SetAddress   usbd_ctlreq.o
    0x080106bc   0x00000020   Code   RO         8793    i.USBD_SetClassConfig  usbd_core.o
    0x080106dc   0x00000104   Code   RO         8948    i.USBD_SetConfig    usbd_ctlreq.o
    0x080107e0   0x00000038   Code   RO         8949    i.USBD_SetFeature   usbd_ctlreq.o
    0x08010818   0x0000000c   Code   RO         8794    i.USBD_Start        usbd_core.o
    0x08010824   0x000000ae   Code   RO         8950    i.USBD_StdDevReq    usbd_ctlreq.o
    0x080108d2   0x00000280   Code   RO         8951    i.USBD_StdEPReq     usbd_ctlreq.o
    0x08010b52   0x000000ae   Code   RO         8952    i.USBD_StdItfReq    usbd_ctlreq.o
    0x08010c00   0x00000002   Code   RO        10994    i.USBD_static_free  usbd_conf.o
    0x08010c02   0x00000002   PAD
    0x08010c04   0x0000000c   Code   RO        10995    i.USBD_static_malloc  usbd_conf.o
    0x08010c10   0x000000d0   Code   RO         8344    i.USB_ActivateEndpoint  stm32h7xx_ll_usb.o
    0x08010ce0   0x00000028   Code   RO         8346    i.USB_ActivateSetup  stm32h7xx_ll_usb.o
    0x08010d08   0x000000a0   Code   RO         8348    i.USB_CoreInit      stm32h7xx_ll_usb.o
    0x08010da8   0x00000054   Code   RO         8349    i.USB_CoreReset     stm32h7xx_ll_usb.o
    0x08010dfc   0x0000014c   Code   RO         8352    i.USB_DeactivateEndpoint  stm32h7xx_ll_usb.o
    0x08010f48   0x00000024   Code   RO         8353    i.USB_DevConnect    stm32h7xx_ll_usb.o
    0x08010f6c   0x00000024   Code   RO         8354    i.USB_DevDisconnect  stm32h7xx_ll_usb.o
    0x08010f90   0x000001e0   Code   RO         8355    i.USB_DevInit       stm32h7xx_ll_usb.o
    0x08011170   0x0000000e   Code   RO         8356    i.USB_DisableGlobalInt  stm32h7xx_ll_usb.o
    0x0801117e   0x00000002   PAD
    0x08011180   0x00000070   Code   RO         8359    i.USB_EP0_OutStart  stm32h7xx_ll_usb.o
    0x080111f0   0x0000008e   Code   RO         8360    i.USB_EPClearStall  stm32h7xx_ll_usb.o
    0x0801127e   0x0000009a   Code   RO         8361    i.USB_EPSetStall    stm32h7xx_ll_usb.o
    0x08011318   0x000003c0   Code   RO         8362    i.USB_EPStartXfer   stm32h7xx_ll_usb.o
    0x080116d8   0x000000ec   Code   RO         8363    i.USB_EPStopXfer    stm32h7xx_ll_usb.o
    0x080117c4   0x0000000e   Code   RO         8364    i.USB_EnableGlobalInt  stm32h7xx_ll_usb.o
    0x080117d2   0x00000050   Code   RO         8365    i.USB_FlushRxFifo   stm32h7xx_ll_usb.o
    0x08011822   0x00000054   Code   RO         8366    i.USB_FlushTxFifo   stm32h7xx_ll_usb.o
    0x08011876   0x00000026   Code   RO         8368    i.USB_GetDevSpeed   stm32h7xx_ll_usb.o
    0x0801189c   0x0000000a   Code   RO         8370    i.USB_GetMode       stm32h7xx_ll_usb.o
    0x080118a6   0x00000014   Code   RO         8378    i.USB_ReadDevAllInEpInterrupt  stm32h7xx_ll_usb.o
    0x080118ba   0x00000014   Code   RO         8379    i.USB_ReadDevAllOutEpInterrupt  stm32h7xx_ll_usb.o
    0x080118ce   0x00000032   Code   RO         8380    i.USB_ReadDevInEPInterrupt  stm32h7xx_ll_usb.o
    0x08011900   0x0000001a   Code   RO         8381    i.USB_ReadDevOutEPInterrupt  stm32h7xx_ll_usb.o
    0x0801191a   0x0000000a   Code   RO         8382    i.USB_ReadInterrupts  stm32h7xx_ll_usb.o
    0x08011924   0x00000060   Code   RO         8383    i.USB_ReadPacket    stm32h7xx_ll_usb.o
    0x08011984   0x00000068   Code   RO         8385    i.USB_SetCurrentMode  stm32h7xx_ll_usb.o
    0x080119ec   0x0000002a   Code   RO         8386    i.USB_SetDevAddress  stm32h7xx_ll_usb.o
    0x08011a16   0x00000012   Code   RO         8387    i.USB_SetDevSpeed   stm32h7xx_ll_usb.o
    0x08011a28   0x000000e8   Code   RO         8388    i.USB_SetTurnaroundTime  stm32h7xx_ll_usb.o
    0x08011b10   0x00000044   Code   RO         8391    i.USB_WritePacket   stm32h7xx_ll_usb.o
    0x08011b54   0x000001bc   Code   RO          460    i.UartDemoTask_Entry  uart_task.o
    0x08011d10   0x00000004   Code   RO         1845    i.UsageFault_Handler  stm32h7xx_it.o
    0x08011d14   0x00000030   Code   RO        11538    i.__0snprintf       mc_w.l(printfa.o)
    0x08011d44   0x00000026   Code   RO        11582    i.__ARM_fpclassifyf  m_wv.l(fpclassifyf.o)
    0x08011d6a   0x00000002   PAD
    0x08011d6c   0x00000010   Code   RO         3085    i.__NVIC_GetPriorityGrouping  stm32h7xx_hal_cortex.o
    0x08011d7c   0x00000028   Code   RO         3086    i.__NVIC_SetPriority  stm32h7xx_hal_cortex.o
    0x08011da4   0x00000138   Code   RO        11239    i.__hardfp_asinf    m_wv.l(asinf.o)
    0x08011edc   0x00000258   Code   RO        11251    i.__hardfp_atan2f   m_wv.l(atan2f.o)
    0x08012134   0x00000006   Code   RO        11585    i.__mathlib_flt_infnan  m_wv.l(funder.o)
    0x0801213a   0x00000006   Code   RO        11586    i.__mathlib_flt_infnan2  m_wv.l(funder.o)
    0x08012140   0x00000010   Code   RO        11587    i.__mathlib_flt_invalid  m_wv.l(funder.o)
    0x08012150   0x00000010   Code   RO        11590    i.__mathlib_flt_underflow  m_wv.l(funder.o)
    0x08012160   0x0000000e   Code   RO        11678    i.__scatterload_copy  mc_w.l(handlers.o)
    0x0801216e   0x00000002   Code   RO        11679    i.__scatterload_null  mc_w.l(handlers.o)
    0x08012170   0x0000000e   Code   RO        11680    i.__scatterload_zeroinit  mc_w.l(handlers.o)
    0x0801217e   0x00000002   PAD
    0x08012180   0x0000000c   Code   RO        11644    i.__set_errno       mc_w.l(errno.o)
    0x0801218c   0x00000184   Code   RO        11544    i._fp_digits        mc_w.l(printfa.o)
    0x08012310   0x000006dc   Code   RO        11545    i._printf_core      mc_w.l(printfa.o)
    0x080129ec   0x00000024   Code   RO        11546    i._printf_post_padding  mc_w.l(printfa.o)
    0x08012a10   0x0000002e   Code   RO        11547    i._printf_pre_padding  mc_w.l(printfa.o)
    0x08012a3e   0x00000016   Code   RO        11548    i._snputc           mc_w.l(printfa.o)
    0x08012a54   0x00000128   Code   RO          620    i.bmi088_accel_init  BMI088driver.o
    0x08012b7c   0x000000f4   Code   RO          622    i.bmi088_gyro_init  BMI088driver.o
    0x08012c70   0x00000044   Code   RO          783    i.can_bsp_init      can_bsp.o
    0x08012cb4   0x00000038   Code   RO          784    i.can_filter_init   can_bsp.o
    0x08012cec   0x0000002a   Code   RO         1142    i.clampf            qd4310.o
    0x08012d16   0x00000002   PAD
    0x08012d18   0x00000014   Code   RO          785    i.fdcan1_rx_callback  can_bsp.o
    0x08012d2c   0x00000014   Code   RO          786    i.fdcan2_rx_callback  can_bsp.o
    0x08012d40   0x00000014   Code   RO          787    i.fdcan3_rx_callback  can_bsp.o
    0x08012d54   0x00000024   Code   RO          788    i.fdcanx_receive    can_bsp.o
    0x08012d78   0x00000036   Code   RO          789    i.fdcanx_send_data  can_bsp.o
    0x08012dae   0x00000002   PAD
    0x08012db0   0x00000070   Code   RO          368    i.get_shaft_angle   imu_task.o
    0x08012e20   0x0000003c   Code   RO            3    i.invSqrt           MahonyAHRS.o
    0x08012e5c   0x00000068   Code   RO         1597    i.main              main.o
    0x08012ec4   0x0000000e   Code   RO         9111    i.makeFreeRtosPriority  cmsis_os.o
    0x08012ed2   0x00000018   Code   RO         9113    i.osDelay           cmsis_os.o
    0x08012eea   0x0000000a   Code   RO         9116    i.osKernelStart     cmsis_os.o
    0x08012ef4   0x00000028   Code   RO         9125    i.osMessageCreate   cmsis_os.o
    0x08012f1c   0x00000058   Code   RO         9142    i.osSemaphoreCreate  cmsis_os.o
    0x08012f74   0x0000005e   Code   RO         9150    i.osThreadCreate    cmsis_os.o
    0x08012fd2   0x00000002   PAD
    0x08012fd4   0x00000098   Code   RO        10215    i.prvAddCurrentTaskToDelayedList  tasks.o
    0x0801306c   0x000000b8   Code   RO        10216    i.prvAddNewTaskToReadyList  tasks.o
    0x08013124   0x00000074   Code   RO        10591    i.prvCheckForValidListAndQueue  timers.o
    0x08013198   0x00000048   Code   RO        10217    i.prvCheckTasksWaitingTermination  tasks.o
    0x080131e0   0x0000002a   Code   RO         9811    i.prvCopyDataFromQueue  queue.o
    0x0801320a   0x0000007e   Code   RO         9812    i.prvCopyDataToQueue  queue.o
    0x08013288   0x00000050   Code   RO        10218    i.prvDeleteTCB      tasks.o
    0x080132d8   0x00000028   Code   RO        10592    i.prvGetNextExpireTime  timers.o
    0x08013300   0x0000007c   Code   RO         9666    i.prvHeapInit       heap_4.o
    0x0801337c   0x00000028   Code   RO        10219    i.prvIdleTask       tasks.o
    0x080133a4   0x0000002a   Code   RO         9815    i.prvInitialiseNewQueue  queue.o
    0x080133ce   0x000000be   Code   RO        10220    i.prvInitialiseNewTask  tasks.o
    0x0801348c   0x00000068   Code   RO        10221    i.prvInitialiseTaskLists  tasks.o
    0x080134f4   0x00000068   Code   RO         9667    i.prvInsertBlockIntoFreeList  heap_4.o
    0x0801355c   0x00000058   Code   RO        10594    i.prvInsertTimerInActiveList  timers.o
    0x080135b4   0x0000001a   Code   RO         9816    i.prvIsQueueEmpty   queue.o
    0x080135ce   0x0000001e   Code   RO         9817    i.prvIsQueueFull    queue.o
    0x080135ec   0x00000074   Code   RO        10595    i.prvProcessExpiredTimer  timers.o
    0x08013660   0x00000164   Code   RO        10596    i.prvProcessReceivedCommands  timers.o
    0x080137c4   0x00000074   Code   RO        10597    i.prvProcessTimerOrBlockTask  timers.o
    0x08013838   0x00000034   Code   RO        10223    i.prvResetNextTaskUnblockTime  tasks.o
    0x0801386c   0x0000002c   Code   RO        10598    i.prvSampleTimeNow  timers.o
    0x08013898   0x000000a4   Code   RO        10599    i.prvSwitchTimerLists  timers.o
    0x0801393c   0x00000040   Code   RO         9735    i.prvTaskExitError  port.o
    0x0801397c   0x0000001a   Code   RO        10600    i.prvTimerTask      timers.o
    0x08013996   0x0000007e   Code   RO         9818    i.prvUnlockQueue    queue.o
    0x08013a14   0x0000014c   Code   RO         9668    i.pvPortMalloc      heap_4.o
    0x08013b60   0x0000002c   Code   RO         9736    i.pxPortInitialiseStack  port.o
    0x08013b8c   0x0000003e   Code   RO        11611    i.sqrtf             m_wv.l(sqrtf.o)
    0x08013bca   0x00000002   PAD
    0x08013bcc   0x00000158   Code   RO         1197    i.uart7_rx_arm      uart_bsp.o
    0x08013d24   0x00000030   Code   RO         1200    i.uart7_rx_init     uart_bsp.o
    0x08013d54   0x00000020   Code   RO         1201    i.uart7_send_dma    uart_bsp.o
    0x08013d74   0x00000028   Code   RO         9627    i.uxListRemove      list.o
    0x08013d9c   0x00000018   Code   RO         1508    i.vApplicationGetIdleTaskMemory  freertos.o
    0x08013db4   0x00000018   Code   RO         1509    i.vApplicationGetTimerTaskMemory  freertos.o
    0x08013dcc   0x0000001a   Code   RO         9628    i.vListInitialise   list.o
    0x08013de6   0x00000006   Code   RO         9629    i.vListInitialiseItem  list.o
    0x08013dec   0x00000034   Code   RO         9630    i.vListInsert       list.o
    0x08013e20   0x00000018   Code   RO         9631    i.vListInsertEnd    list.o
    0x08013e38   0x00000054   Code   RO         9738    i.vPortEnterCritical  port.o
    0x08013e8c   0x0000003c   Code   RO         9739    i.vPortExitCritical  port.o
    0x08013ec8   0x000000a4   Code   RO         9669    i.vPortFree         heap_4.o
    0x08013f6c   0x00000028   Code   RO         9740    i.vPortSetupTimerInterrupt  port.o
    0x08013f94   0x00000078   Code   RO         9741    i.vPortValidateInterruptPriority  port.o
    0x0801400c   0x0000002c   Code   RO         9824    i.vQueueAddToRegistry  queue.o
    0x08014038   0x0000004a   Code   RO         9828    i.vQueueWaitForMessageRestricted  queue.o
    0x08014082   0x00000002   PAD
    0x08014084   0x0000005c   Code   RO        10236    i.vTaskDelay        tasks.o
    0x080140e0   0x00000018   Code   RO        10241    i.vTaskInternalSetTimeOutState  tasks.o
    0x080140f8   0x0000000c   Code   RO        10242    i.vTaskMissedYield  tasks.o
    0x08014104   0x00000038   Code   RO        10244    i.vTaskPlaceOnEventList  tasks.o
    0x0801413c   0x00000040   Code   RO        10245    i.vTaskPlaceOnEventListRestricted  tasks.o
    0x0801417c   0x000000b8   Code   RO        10253    i.vTaskStartScheduler  tasks.o
    0x08014234   0x00000010   Code   RO        10255    i.vTaskSuspendAll   tasks.o
    0x08014244   0x0000008c   Code   RO        10256    i.vTaskSwitchContext  tasks.o
    0x080142d0   0x00000168   Code   RO         9742    i.xPortStartScheduler  port.o
    0x08014438   0x0000005c   Code   RO         9829    i.xQueueCreateCountingSemaphore  queue.o
    0x08014494   0x00000064   Code   RO         9830    i.xQueueCreateCountingSemaphoreStatic  queue.o
    0x080144f8   0x0000005a   Code   RO         9833    i.xQueueGenericCreate  queue.o
    0x08014552   0x000000e0   Code   RO         9834    i.xQueueGenericCreateStatic  queue.o
    0x08014632   0x00000002   PAD
    0x08014634   0x00000098   Code   RO         9835    i.xQueueGenericReset  queue.o
    0x080146cc   0x000001a8   Code   RO         9836    i.xQueueGenericSend  queue.o
    0x08014874   0x000000fc   Code   RO         9837    i.xQueueGenericSendFromISR  queue.o
    0x08014970   0x00000168   Code   RO         9846    i.xQueueReceive     queue.o
    0x08014ad8   0x0000008c   Code   RO        10258    i.xTaskCheckForTimeOut  tasks.o
    0x08014b64   0x00000064   Code   RO        10259    i.xTaskCreate       tasks.o
    0x08014bc8   0x000000ba   Code   RO        10260    i.xTaskCreateStatic  tasks.o
    0x08014c82   0x00000002   PAD
    0x08014c84   0x00000020   Code   RO        10264    i.xTaskGetSchedulerState  tasks.o
    0x08014ca4   0x0000000c   Code   RO        10265    i.xTaskGetTickCount  tasks.o
    0x08014cb0   0x00000148   Code   RO        10267    i.xTaskIncrementTick  tasks.o
    0x08014df8   0x000000c8   Code   RO        10270    i.xTaskPriorityDisinherit  tasks.o
    0x08014ec0   0x00000098   Code   RO        10272    i.xTaskRemoveFromEventList  tasks.o
    0x08014f58   0x00000104   Code   RO        10273    i.xTaskResumeAll    tasks.o
    0x0801505c   0x00000078   Code   RO        10609    i.xTimerCreateTimerTask  timers.o
    0x080150d4   0x00000084   Code   RO        10610    i.xTimerGenericCommand  timers.o
    0x08015158   0x00000010   Data   RO          370    .constdata          imu_task.o
    0x08015168   0x0000009c   Data   RO         1511    .constdata          freertos.o
    0x08015204   0x00000010   Data   RO         1985    .constdata          system_stm32h7xx.o
    0x08015214   0x00000008   Data   RO         3239    .constdata          stm32h7xx_hal_dma.o
    0x0801521c   0x0000005c   Data   RO         3581    .constdata          stm32h7xx_hal_fdcan.o
    0x08015278   0x00000018   Data   RO         7865    .constdata          stm32h7xx_hal_uart.o
    0x08015290   0x00000010   Data   RO         8236    .constdata          stm32h7xx_hal_uart_ex.o
    0x080152a0   0x0000004a   Data   RO          462    .conststring        uart_task.o
    0x080152ea   0x00000002   PAD
    0x080152ec   0x00000034   Data   RO         1512    .conststring        freertos.o
    0x08015320   0x00000020   Data   RO        11676    Region$$Table       anon$$obj.o


    Execution Region RW_IRAM1 (Base: 0x20000000, Size: 0x00000000, Max: 0x00020000, ABSOLUTE)

    **** No section assigned to this execution region ****


    Execution Region RW_IRAM2 (Base: 0x24000000, Size: 0x00008fe8, Max: 0x00050000, ABSOLUTE, COMPRESSED[0x00000108])

    Base Addr    Size         Type   Attr      Idx    E Section Name        Object

    0x24000000   0x00000014   Data   RW            4    .data               MahonyAHRS.o
    0x24000014   0x00000020   Data   RW          127    .data               fun_test_task.o
    0x24000034   0x00000024   Data   RW          371    .data               imu_task.o
    0x24000058   0x0000002c   Data   RW          623    .data               BMI088driver.o
    0x24000084   0x00000018   Data   RW          790    .data               can_bsp.o
    0x2400009c   0x0000000c   Data   RW         1203    .data               uart_bsp.o
    0x240000a8   0x00000004   Data   RW         1454    .data               fdcan.o
    0x240000ac   0x0000001c   Data   RW         1513    .data               freertos.o
    0x240000c8   0x00000008   Data   RW         1986    .data               system_stm32h7xx.o
    0x240000d0   0x00000009   Data   RW         2234    .data               stm32h7xx_hal.o
    0x240000d9   0x00000003   PAD
    0x240000dc   0x0000008a   Data   RW         8669    .data               usbd_cdc.o
    0x24000166   0x00000001   Data   RW         8953    .data               usbd_ctlreq.o
    0x24000167   0x00000001   PAD
    0x24000168   0x00000020   Data   RW         9675    .data               heap_4.o
    0x24000188   0x0000000c   Data   RW         9743    .data               port.o
    0x24000194   0x0000003c   Data   RW        10276    .data               tasks.o
    0x240001d0   0x00000014   Data   RW        10618    .data               timers.o
    0x240001e4   0x00000018   Data   RW        10807    .data               usbd_cdc_if.o
    0x240001fc   0x0000005e   Data   RW        10889    .data               usbd_desc.o
    0x2400025a   0x00000002   PAD
    0x2400025c   0x00000004   Data   RW        11645    .data               mc_w.l(errno.o)
    0x24000260   0x00000034   Zero   RW          369    .bss                imu_task.o
    0x24000294   0x00000102   Zero   RW          461    .bss                uart_task.o
    0x24000396   0x00000002   PAD
    0x24000398   0x0000065c   Zero   RW         1202    .bss                uart_bsp.o
    0x240009f4   0x000000e8   Zero   RW         1382    .bss                adc.o
    0x24000adc   0x000001e0   Zero   RW         1453    .bss                fdcan.o
    0x24000cbc   0x00001970   Zero   RW         1510    .bss                freertos.o
    0x2400262c   0x0000005c   Zero   RW         1667    .bss                octospi.o
    0x24002688   0x00000198   Zero   RW         1711    .bss                spi.o
    0x24002820   0x0000004c   Zero   RW         1787    .bss                stm32h7xx_hal_timebase_tim.o
    0x2400286c   0x0000017c   Zero   RW         2030    .bss                tim.o
    0x240029e8   0x000003d4   Zero   RW         2112    .bss                usart.o
    0x24002dbc   0x00003c00   Zero   RW         9674    .bss                heap_4.o
    0x240069bc   0x00000040   Zero   RW         9850    .bss                queue.o
    0x240069fc   0x000000f0   Zero   RW        10275    .bss                tasks.o
    0x24006aec   0x00000118   Zero   RW        10617    .bss                timers.o
    0x24006c04   0x000002dc   Zero   RW        10758    .bss                usb_device.o
    0x24006ee0   0x00001000   Zero   RW        10806    .bss                usbd_cdc_if.o
    0x24007ee0   0x00000200   Zero   RW        10888    .bss                usbd_desc.o
    0x240080e0   0x00000704   Zero   RW        10996    .bss                usbd_conf.o
    0x240087e4   0x00000004   PAD
    0x240087e8   0x00000800   Zero   RW        11232    STACK               startup_stm32h723xx.o


==============================================================================

Image component sizes


      Code (inc. data)   RO Data    RW Data    ZI Data      Debug   Object Name

       216         28          0          0          0       4524   BMI088Middleware.o
      1030         20          0         44          0       7090   BMI088driver.o
       820         38          0         20          0       8105   MahonyAHRS.o
       500         42          0          0        232       2127   adc.o
       330         54          0         24          0       5105   can_bsp.o
       270          0          0          0          0      24897   cmsis_os.o
        84          4          0          0          0        882   dma.o
         0          0          0          0          0      19652   event_groups.o
       944         56          0          4        480       3417   fdcan.o
       288         50        208         28       6512       4576   freertos.o
       168         44          0         32          0    1335871   fun_test_task.o
       624         24          0          0          0       1391   gpio.o
       724         74          0         32      15360      22203   heap_4.o
      1216        154         16         36         52      13103   imu_task.o
       148          0          0          0          0       3622   list.o
       342         10          0          0          0       3064   main.o
       680         62          0          0         92       2900   octospi.o
      1014         92          0         12          0      12405   port.o
       278         28          0          0          0       3477   qd4310.o
      2204         20          0          0         64      20188   queue.o
       892         60          0          0        408       3331   spi.o
        36          8        716          0       2048        784   startup_stm32h723xx.o
       192         40          0          9          0      23590   stm32h7xx_hal.o
      3434        240          0          0          0      75740   stm32h7xx_hal_adc.o
       376         20          0          0          0      67523   stm32h7xx_hal_adc_ex.o
       258         22          0          0          0      39150   stm32h7xx_hal_cortex.o
      8650        164          8          0          0      13282   stm32h7xx_hal_dma.o
      3640         54         92          0          0      22753   stm32h7xx_hal_fdcan.o
       872         96          0          0          0       3114   stm32h7xx_hal_gpio.o
        48          6          0          0          0        938   stm32h7xx_hal_msp.o
      2430         38          0          0          0       6399   stm32h7xx_hal_ospi.o
      3630         16          0          0          0      13656   stm32h7xx_hal_pcd.o
       130          4          0          0          0       3177   stm32h7xx_hal_pcd_ex.o
       116         12          0          0          0       1302   stm32h7xx_hal_pwr_ex.o
      3684        134          0          0          0       8397   stm32h7xx_hal_rcc.o
      7664        184          0          0          0      10579   stm32h7xx_hal_rcc_ex.o
      1846         26          0          0          0       5657   stm32h7xx_hal_spi.o
      3158        302          0          0          0      17354   stm32h7xx_hal_tim.o
       434         46          0          0          0       4116   stm32h7xx_hal_tim_ex.o
       148         20          0          0         76       1596   stm32h7xx_hal_timebase_tim.o
      6546        234         24          0          0      42925   stm32h7xx_hal_uart.o
       610         14         16          0          0       7284   stm32h7xx_hal_uart_ex.o
       294        102          0          0          0      10872   stm32h7xx_it.o
      3906         90          0          0          0      22400   stm32h7xx_ll_usb.o
       224         32         16          8          0       1374   system_stm32h7xx.o
      2872        346          0         60        240      27102   tasks.o
      1252         98          0          0        380       5944   tim.o
      1318        124          0         20        280      13263   timers.o
       588         70          0         12       1628       4148   uart_bsp.o
       444        152         74          0        258       1334   uart_task.o
      1508         98          0          0        980       4990   usart.o
        80         16          0          0        732        744   usb_device.o
      1782         54          0        138          0      14097   usbd_cdc.o
       372         46          0         24       4096       5128   usbd_cdc_if.o
       956         30          0          0       1796      17140   usbd_conf.o
      1354          0          0          0          0      16281   usbd_core.o
      2416         22          0          1          0      17848   usbd_ctlreq.o
       386        122          0         94        512       6937   usbd_desc.o
       174          0          0          0          0       4772   usbd_ioreq.o
         0          0          0          0          0       3064   user_lib.o

    ----------------------------------------------------------------------
     80668       3942       1204        604      36232    2048684   Object Totals
         0          0         32          0          0          0   (incl. Generated)
        68          0          2          6          6          0   (incl. Padding)

    ----------------------------------------------------------------------

      Code (inc. data)   RO Data    RW Data    ZI Data      Debug   Library Member Name

       312         54          0          0          0        176   asinf.o
       600         98          0          0          0        184   atan2f.o
        38          0          0          0          0        116   fpclassifyf.o
        44         12          0          0          0        464   funder.o
        62          0          0          0          0        136   sqrtf.o
        86          0          0          0          0          0   __dczerorl2.o
         0          0          0          0          0          0   entry.o
         0          0          0          0          0          0   entry10a.o
         0          0          0          0          0          0   entry11a.o
         8          4          0          0          0          0   entry2.o
         4          0          0          0          0          0   entry5.o
         0          0          0          0          0          0   entry7b.o
         0          0          0          0          0          0   entry8b.o
         8          4          0          0          0          0   entry9a.o
        12          6          0          4          0         68   errno.o
        30          0          0          0          0          0   handlers.o
        36          8          0          0          0         68   init.o
         0          0          0          0          0          0   iusefp.o
        30          0          0          0          0         68   llshl.o
        36          0          0          0          0         68   llsshr.o
        32          0          0          0          0         68   llushr.o
        26          0          0          0          0         80   memcmp.o
        36          0          0          0          0         68   memcpya.o
        36          0          0          0          0        108   memseta.o
      2296         84          0          0          0        520   printfa.o
        28          0          0          0          0         76   strcmp.o
        44          0          0          0          0         80   uidiv.o
        98          0          0          0          0         92   uldiv.o
        48          0          0          0          0         68   cdrcmple.o
       334          0          0          0          0        148   dadd.o
       222          0          0          0          0        100   ddiv.o
       186          0          0          0          0        176   depilogue.o
        48          0          0          0          0         68   dfixul.o
       228          0          0          0          0         96   dmul.o

    ----------------------------------------------------------------------
      4976        270          0          4          0       3096   Library Totals
         8          0          0          0          0          0   (incl. Padding)

    ----------------------------------------------------------------------

      Code (inc. data)   RO Data    RW Data    ZI Data      Debug   Library Name

      1056        164          0          0          0       1076   m_wv.l
      2846        106          0          4          0       1364   mc_w.l
      1066          0          0          0          0        656   mf_w.l

    ----------------------------------------------------------------------
      4976        270          0          4          0       3096   Library Totals

    ----------------------------------------------------------------------

==============================================================================


      Code (inc. data)   RO Data    RW Data    ZI Data      Debug   

     85644       4212       1204        608      36232    2002524   Grand Totals
     85644       4212       1204        264      36232    2002524   ELF Image Totals (compressed)
     85644       4212       1204        264          0          0   ROM Totals

==============================================================================

    Total RO  Size (Code + RO Data)                86848 (  84.81kB)
    Total RW  Size (RW Data + ZI Data)             36840 (  35.98kB)
    Total ROM Size (Code + RO Data + RW Data)      87112 (  85.07kB)

==============================================================================

